###############################################################################
#
# IAR ELF Linker V7.60.1.11101/W32 for ARM                09/May/2016  21:52:56
# Copyright 2007-2016 IAR Systems AB.
#
#    Output file  =  
#        C:\Users\cory\Documents\GitHub\SPAIS\projects\iar\SPAIS\Debug\Exe\ocfdk_00_hello.out
#    Map file     =  
#        C:\Users\cory\Documents\GitHub\SPAIS\projects\iar\SPAIS\Debug\List\ocfdk_00_hello.map
#    Command line =  
#        C:\Users\cory\Documents\GitHub\SPAIS\projects\iar\SPAIS\Debug\Obj\cli_task.o
#        C:\Users\cory\Documents\GitHub\SPAIS\projects\iar\SPAIS\Debug\Obj\dnm_local.o
#        C:\Users\cory\Documents\GitHub\SPAIS\projects\iar\SPAIS\Debug\Obj\dnm_rate_ctrl.o
#        C:\Users\cory\Documents\GitHub\SPAIS\projects\iar\SPAIS\Debug\Obj\dnm_service.o
#        C:\Users\cory\Documents\GitHub\SPAIS\projects\iar\SPAIS\Debug\Obj\dnm_ucli.o
#        C:\Users\cory\Documents\GitHub\SPAIS\projects\iar\SPAIS\Debug\Obj\gpio_net_app.o
#        C:\Users\cory\Documents\GitHub\SPAIS\src\lib\libip_stack.a
#        C:\Users\cory\Documents\GitHub\SPAIS\src\lib\libucos_full.a
#        C:\Users\cory\Documents\GitHub\SPAIS\projects\iar\SPAIS\Debug\Obj\loc_task.o
#        --redirect _Printf=_PrintfSmall -o
#        C:\Users\cory\Documents\GitHub\SPAIS\projects\iar\SPAIS\Debug\Exe\ocfdk_00_hello.out
#        --config_def use_loader=1 --map
#        C:\Users\cory\Documents\GitHub\SPAIS\projects\iar\SPAIS\Debug\List\ocfdk_00_hello.map
#        --config
#        C:\Users\cory\Documents\GitHub\SPAIS\projects\iar\SPAIS\..\..\..\tools\linker_configuration\Eterna.icf
#        --entry __reset_handler --vfe
#
###############################################################################

*******************************************************************************
*** RUNTIME MODEL ATTRIBUTES
***

CppFlavor       = *
__SystemLibrary = DLib


*******************************************************************************
*** PLACEMENT SUMMARY
***

"P1":  place in [from 0x00041020 to 0x0007ffff] { ro section .intvec };
"A1":  place at start of [0x00041020-0x0007ffff] { section .reset_start };
"P3":  place in [from 0x00041020 to 0x0007ffff] { ro };
"A2":  place at start of [0x00041000-0x0004101f] { section .kernel_exe_hdr };
"P4":  place in [from 0x000c8000 to 0x000c9fff] { section .code_ram };
"A3":  place at end of [0x20000000-0x2000ffff] { section .heap_end };
"P5":  place in [from 0x20000000 to 0x2000ffff] { block SRAM_D };
do not initialize { section .noinit };
do not initialize { section .ram_vectors };
initialize by copy with packing = copy, complex ranges { rw };
initialize by copy with packing = copy, complex ranges { section .code_ram };

  Section                 Kind        Address     Size  Object
  -------                 ----        -------     ----  ------
"A2":                                             0x20
  .kernel_exe_hdr         const    0x00041000     0x20  gpio_net_app.o [1]
                                 - 0x00041020     0x20

"A1":                                             0x10
  .reset_start            ro code  0x00041020     0x10  reset.obj [4]
                                 - 0x00041030     0x10

"P1":                                             0x1c
  .intvec                 const    0x00041030     0x1c  startup_iar.obj [4]
                                 - 0x0004104c     0x1c

"P3":                                          0x29440
  .text                   ro code  0x0004104c   0x2674  radio.obj [4]
  .text                   ro code  0x000436c0    0x130  assert.obj [4]
  .text                   ro code  0x000437f0    0x864  timer_sched.obj [4]
  .text                   ro code  0x00044054    0x4c0  k_cli.obj [4]
  .text                   ro code  0x00044514     0xe8  mem.obj [4]
  .text                   ro code  0x000445fc      0x6  ABImemclr.o [7]
  .text                   ro code  0x00044602     0x22  cmd_paramPwrCostInfo.obj [4]
  .text                   ro code  0x00044624    0x2b8  dma.obj [4]
  .text                   ro code  0x000448dc     0x34  ioconfig.obj [4]
  .text                   ro code  0x00044910    0x1a2  nvic.obj [4]
  .text                   ro code  0x00044ab2     0x1e  xsscin.o [3]
  .text                   ro code  0x00044ad0      0x6  ABImemclr4.o [7]
  .text                   ro code  0x00044ad6     0x1a  xsnprout.o [3]
  .text                   ro code  0x00044af0    0x214  main.obj [4]
  CODE                    ro code  0x00044d04     0xa0  os_cpu_a.obj [5]
  .text                   ro code  0x00044da4    0x5f8  clkcomp.obj [4]
  .text                   ro code  0x0004539c    0x5d0  dn_os_tmr.obj [4]
  .text                   ro code  0x0004596c    0x554  adc_controller.obj [4]
  .text                   ro code  0x00045ec0    0x1a0  flash_info.obj [4]
  .text                   ro code  0x00046060    0x132  I64DivMod.o [7]
  .rodata                 const    0x00046192      0x2  os_dbg.obj [5]
  .text                   ro code  0x00046194    0x330  kernel_monitor.obj [4]
  .text                   ro code  0x000464c4     0xa8  kernel.obj [4]
  .text                   ro code  0x0004656c     0x44  snprintf.o [3]
  .text                   ro code  0x000465b0    0x238  llog.obj [4]
  .text                   ro code  0x000467e8    0x38c  uartc.obj [4]
  .text                   ro code  0x00046b74     0x3c  vsnprint.o [3]
  .text                   ro code  0x00046bb0   0x14b4  ucos_ii.obj [5]
  .text                   ro code  0x00048064     0x6c  strncpy_unaligned.o [7]
  .text                   ro code  0x000480d0     0xe4  ext_bus.obj [4]
  .text                   ro code  0x000481b4    0x2ec  uart_cli.obj [4]
  .text                   ro code  0x000484a0     0x84  ring.obj [4]
  .text                   ro code  0x00048524      0x4  mem_drv.obj [4]
  .text                   ro code  0x00048528     0x36  strlen.o [7]
  .rodata                 const    0x0004855e      0x2  os_dbg.obj [5]
  .text                   ro code  0x00048560     0x42  strcmp_unaligned.o [7]
  .rodata                 const    0x000485a2      0x2  os_dbg.obj [5]
  .text                   ro code  0x000485a4    0x730  dn_channel.obj [4]
  .text                   ro code  0x00048cd4     0x66  ABImemset.o [7]
  .rodata                 const    0x00048d3a      0x2  os_dbg.obj [5]
  .text                   ro code  0x00048d3c     0x76  ABImemcpy_unaligned.o [7]
  .rodata                 const    0x00048db2      0x2  os_dbg.obj [5]
  .text                   ro code  0x00048db4     0x3a  ABImemset48.o [7]
  .rodata                 const    0x00048dee      0x2  os_dbg.obj [5]
  .text                   ro code  0x00048df0     0x44  hw_dbg.obj [4]
  .text                   ro code  0x00048e34     0xb4  block_op.obj [4]
  .text                   ro code  0x00048ee8    0x1f8  cal_struct.obj [4]
  .text                   ro code  0x000490e0     0x28  pwm32k.obj [4]
  .text                   ro code  0x00049108    0x5d4  pmu.obj [4]
  .text                   ro code  0x000496dc     0x44  charge.obj [4]
  .text                   ro code  0x00049720    0x5f0  aes_hw.obj [4]
  .text                   ro code  0x00049d10     0x54  mpu.obj [4]
  .text                   ro code  0x00049d64     0xd6  memtest.obj [4]
  .text                   ro code  0x00049e3a     0x9a  ext_bus_mem.obj [4]
  .text                   ro code  0x00049ed4    0x2bc  netpll.obj [4]
  .text                   ro code  0x0004a190    0x26c  timer.obj [4]
  .text                   ro code  0x0004a3fc    0x3dc  adc_drv.obj [4]
  .text                   ro code  0x0004a7d8      0x2  I64DivZer.o [7]
  .rodata                 const    0x0004a7da      0x2  os_dbg.obj [5]
  .text                   ro code  0x0004a7dc    0x1c4  security_drv_selftest.obj [4]
  .text                   ro code  0x0004a9a0    0xdf8  fs_utils.obj [4]
  .text                   ro code  0x0004b798      0xa  pps_drv.obj [4]
  .rodata                 const    0x0004b7a2      0x2  os_dbg.obj [5]
  .text                   ro code  0x0004b7a4    0x71c  mac.obj [4]
  .text                   ro code  0x0004bec0    0x58c  radio_drv.obj [4]
  .text                   ro code  0x0004c44c    0x1f0  mote.obj [4]
  .text                   ro code  0x0004c63c    0x51c  gpio_net_app.o [1]
  .text                   ro code  0x0004cb58      0x2  nucleus.obj [4]
  .rodata                 const    0x0004cb5a      0x2  os_dbg.obj [5]
  .text                   ro code  0x0004cb5c     0x7e  random2.obj [4]
  .rodata                 const    0x0004cbda      0x2  os_dbg.obj [5]
  .text                   ro code  0x0004cbdc    0x20c  dn_time.obj [4]
  .text                   ro code  0x0004cde8    0x3c0  uart_drv.obj [4]
  .text                   ro code  0x0004d1a8    0x300  gpio_drv.obj [4]
  .text                   ro code  0x0004d4a8    0x11c  wd.obj [4]
  .text                   ro code  0x0004d5c4    0x368  flash_drv.obj [4]
  .text                   ro code  0x0004d92c    0x3ac  security_drv.obj [4]
  .text                   ro code  0x0004dcd8     0xb4  bops_drv.obj [4]
  .text                   ro code  0x0004dd8c    0x4dc  xprintfsmall.o [3]
  Veneer                  ro code  0x0004e268      0x8  - Linker created -
  .text                   ro code  0x0004e270    0x298  flash.obj [4]
  .text                   ro code  0x0004e508     0xf4  hwinfo_drv.obj [4]
  .text                   ro code  0x0004e5fc    0x644  uart.obj [4]
  .text                   ro code  0x0004ec40     0x98  os_cpu_c.obj [5]
  .text                   ro code  0x0004ecd8      0x2  os_dbg.obj [5]
  .rodata                 const    0x0004ecda      0x2  os_dbg.obj [5]
  .text                   ro code  0x0004ecdc    0x490  mac_neighb.obj [4]
  .text                   ro code  0x0004f16c     0x1c  I32ToDbl.o [6]
  .text                   ro code  0x0004f188     0xe8  DblAdd.o [6]
  .text                   ro code  0x0004f270     0x2e  DblCmpLe.o [6]
  .text                   ro code  0x0004f29e     0x64  llist.obj [4]
  .rodata                 const    0x0004f302      0x2  os_dbg.obj [5]
  .text                   ro code  0x0004f304     0x62  memcmp_unaligned.o [7]
  .text                   ro code  0x0004f366     0x2c  strncmp.o [3]
  .rodata                 const    0x0004f392      0x2  os_dbg.obj [5]
  .text                   ro code  0x0004f394    0x264  fcs.obj [4]
  .text                   ro code  0x0004f5f8     0xd4  mac_pk.obj [4]
  .text                   ro code  0x0004f6cc    0x920  mac_join.obj [4]
  .text                   ro code  0x0004ffec    0x79c  lmac.obj [4]
  .text                   ro code  0x00050788    0x4a2  mac_frame.obj [4]
  .rodata                 const    0x00050c2a      0x2  os_dbg.obj [5]
  .text                   ro code  0x00050c2c    0x474  mac_link.obj [4]
  .text                   ro code  0x000510a0    0x120  mac_graph.obj [4]
  .text                   ro code  0x000511c0    0x130  mac_dscv.obj [4]
  .text                   ro code  0x000512f0    0x15c  mac_duplicate.obj [4]
  .text                   ro code  0x0005144c    0xbe8  mac_api.obj [4]
  .text                   ro code  0x00052034     0xd8  membuf.obj [4]
  .text                   ro code  0x0005210c    0x10c  arr.obj [4]
  .text                   ro code  0x00052218    0x1ea  dev_info.obj [4]
  .rodata                 const    0x00052402      0x2  os_dbg.obj [5]
  .text                   ro code  0x00052404    0x778  join.obj [4]
  .text                   ro code  0x00052b7c    0x1b0  time_info.obj [4]
  .text                   ro code  0x00052d2c    0x7f0  mote_cli.obj [4]
  .text                   ro code  0x0005351c    0x4dc  mote_monitor.obj [4]
  .text                   ro code  0x000539f8    0x37c  socket.obj [4]
  .text                   ro code  0x00053d74     0xb4  transport_util.obj [4]
  .text                   ro code  0x00053e28    0x648  security.obj [4]
  .text                   ro code  0x00054470    0x1ac  route.obj [4]
  .text                   ro code  0x0005461c    0x220  service.obj [4]
  .text                   ro code  0x0005483c     0x38  net_util.obj [4]
  .text                   ro code  0x00054874     0x5c  net_cfg.obj [4]
  .text                   ro code  0x000548d0     0xd0  net_pk.obj [4]
  .text                   ro code  0x000549a0    0x110  net_queue.obj [4]
  .text                   ro code  0x00054ab0    0x728  net_mac.obj [4]
  .text                   ro code  0x000551d8    0x708  loc_intf.obj [4]
  .text                   ro code  0x000558e0    0x1c0  event.obj [4]
  .text                   ro code  0x00055aa0     0xac  alarms.obj [4]
  .text                   ro code  0x00055b4c    0x580  report.obj [4]
  .text                   ro code  0x000560cc    0x5d4  dn_system.obj [4]
  .text                   ro code  0x000566a0    0x580  ip_cfg.obj [4]
  .text                   ro code  0x00056c20    0x400  dnm_cli_util.obj [4]
  .text                   ro code  0x00057020    0x218  cli_task.o [1]
  .text                   ro code  0x00057238    0x3cc  loc_task.o [1]
  .text                   ro code  0x00057604    0x264  dnm_ucli.o [1]
  .text                   ro code  0x00057868     0x24  sscanf.o [3]
  .text                   ro code  0x0005788c    0x620  fs_api.obj [4]
  .text                   ro code  0x00057eac    0x444  dnm_local.o [1]
  .text                   ro code  0x000582f0    0x110  settime.obj [4]
  .text                   ro code  0x00058400    0x304  utils.obj [4]
  .text                   ro code  0x00058704     0xc4  gpio.obj [4]
  .text                   ro code  0x000587c8     0x7c  gpio_radio_inhibit.obj [4]
  .text                   ro code  0x00058844      0xc  flash_drv_par.obj [4]
  .text                   ro code  0x00058850     0x16  strchr.o [7]
  .rodata                 const    0x00058866      0x2  os_dbg.obj [5]
  .text                   ro code  0x00058868     0x58  memchr.o [7]
  .text                   ro code  0x000588c0     0x10  flash_charge.obj [4]
  .text                   ro code  0x000588d0     0x34  fuse_table.obj [4]
  .text                   ro code  0x00058904      0x8  os_hooks.obj [4]
  .text                   ro code  0x0005890c    0x106  ilist.obj [4]
  .rodata                 const    0x00058a12      0x2  os_dbg.obj [5]
  .text                   ro code  0x00058a14    0x16c  DblSub.o [6]
  .text                   ro code  0x00058b80    0x33c  mac_net.obj [4]
  .text                   ro code  0x00058ebc    0x11a  mac_asn.obj [4]
  .rodata                 const    0x00058fd6      0x2  os_dbg.obj [5]
  .text                   ro code  0x00058fd8    0x104  mac_conn.obj [4]
  .text                   ro code  0x000590dc     0x5c  mac_aux.obj [4]
  .text                   ro code  0x00059138    0x1c8  mac_proc_adv.obj [4]
  .text                   ro code  0x00059300    0x64c  tengine.obj [4]
  .text                   ro code  0x0005994c     0xe4  lmac_notif.obj [4]
  .text                   ro code  0x00059a30     0xac  lmac_pk.obj [4]
  .text                   ro code  0x00059adc    0x700  lmac_linkseq.obj [4]
  .text                   ro code  0x0005a1dc    0x24c  lmac_adv.obj [4]
  .text                   ro code  0x0005a428    0x244  mac_tof.obj [4]
  .text                   ro code  0x0005a66c     0xf8  mac_lmacintf.obj [4]
  .text                   ro code  0x0005a764    0x3c8  lmac_linkseq_util.obj [4]
  .text                   ro code  0x0005ab2c    0xbf4  tengine_header.obj [4]
  .text                   ro code  0x0005b720    0x788  config.obj [4]
  .text                   ro code  0x0005bea8    0x6dc  mac_intf.obj [4]
  .text                   ro code  0x0005c584     0x22  I64Shl.o [7]
  .rodata                 const    0x0005c5a6      0x2  os_dbg.obj [5]
  .text                   ro code  0x0005c5a8     0x1e  U64Shr.o [7]
  .rodata                 const    0x0005c5c6      0x2  os_dbg.obj [5]
  .text                   ro code  0x0005c5c8    0x250  dnm_cli.obj [4]
  .text                   ro code  0x0005c818    0x760  net_cli.obj [4]
  .text                   ro code  0x0005cf78   0x1690  pktrace.obj [4]
  .text                   ro code  0x0005e608      0xc  loc_ap.obj [4]
  .text                   ro code  0x0005e614    0x528  net.obj [4]
  .text                   ro code  0x0005eb3c     0x8a  security_cntr.obj [4]
  .rodata                 const    0x0005ebc6      0x2  os_dbg.obj [5]
  .text                   ro code  0x0005ebc8    0x448  notif.obj [4]
  .text                   ro code  0x0005f010     0xb0  rlock.obj [4]
  .text                   ro code  0x0005f0c0     0xb4  tof.obj [4]
  .text                   ro code  0x0005f174    0x284  mesh.obj [4]
  .text                   ro code  0x0005f3f8    0x100  cmd_local.obj [4]
  .text                   ro code  0x0005f4f8     0x48  ip_util.obj [4]
  .text                   ro code  0x0005f540    0x510  xscanfsmall_nomb.o [3]
  .text                   ro code  0x0005fa50    0x65c  tengine_pk.obj [4]
  .text                   ro code  0x000600ac   0x1774  tengine_sched.obj [4]
  .text                   ro code  0x00061820    0x19c  xstoul.o [3]
  .text                   ro code  0x000619bc    0x594  radio_utils.obj [4]
  .text                   ro code  0x00061f50     0x40  bsearch.o [3]
  .text                   ro code  0x00061f90     0x28  strncat.o [3]
  .text                   ro code  0x00061fb8     0x22  trace_utils.obj [4]
  .rodata                 const    0x00061fda      0x2  os_dbg.obj [5]
  .text                   ro code  0x00061fdc    0x228  transport.obj [4]
  .text                   ro code  0x00062204    0x2fc  ip.obj [4]
  .text                   ro code  0x00062500    0x208  udp.obj [4]
  .text                   ro code  0x00062708      0x6  addrmap.obj [4]
  .rodata                 const    0x0006270e      0x2  os_dbg.obj [5]
  .text                   ro code  0x00062710      0xc  os_dn_utils.obj [4]
  .text                   ro code  0x0006271c    0x2bc  cmd.obj [4]
  .text                   ro code  0x000629d8     0x86  xstol.o [3]
  .rodata                 const    0x00062a5e      0x2  os_dbg.obj [5]
  .text                   ro code  0x00062a60     0x94  tengine_charge.obj [4]
  .text                   ro code  0x00062af4      0xc  errno.o [3]
  .text                   ro code  0x00062b00      0x2  xtls.o [3]
  .rodata                 const    0x00062b02      0x2  os_dbg.obj [5]
  .text                   ro code  0x00062b04    0xfb0  cmd_otap.obj [4]
  .text                   ro code  0x00063ab4    0x10c  lzss.obj [4]
  .text                   ro code  0x00063bc0    0x9ec  lmac_macintf.obj [4]
  .text                   ro code  0x000645ac    0x794  net_cli_fs.obj [4]
  .text                   ro code  0x00064d40    0x738  one_wire.obj [4]
  .text                   ro code  0x00065478    0x510  spi_drv.obj [4]
  .text                   ro code  0x00065988    0x3d8  spi_master.obj [4]
  .text                   ro code  0x00065d60    0x3f0  onewire_drv.obj [4]
  .rodata                 const    0x00066150    0x2f4  pktrace.obj [4]
  .text                   ro code  0x00066444    0x2b0  i2c_drv.obj [4]
  .text                   ro code  0x000666f4    0x1f4  i2c.obj [4]
  .text                   ro code  0x000668e8    0x294  cmd_net.obj [4]
  .text                   ro code  0x00066b7c    0x228  cmd_locRadioTest.obj [4]
  .text                   ro code  0x00066da4    0x21c  cmd_paramPwrSrc.obj [4]
  .rodata                 const    0x00066fc0    0x20c  mote_cli.obj [4]
  .text                   ro code  0x000671cc    0x1f8  cmd_param.obj [4]
  .rodata                 const    0x000673c4    0x174  utils.obj [4]
  .text                   ro code  0x00067538    0x13e  cmd_paramTime.obj [4]
  .rodata                 const    0x00067676      0x2  os_dbg.obj [5]
  .rodata                 const    0x00067678    0x114  mac_api.obj [4]
  .rodata                 const    0x0006778c    0x10c  ip_cfg.obj [4]
  .text                   ro code  0x00067898     0xc8  cli_drv.obj [4]
  .text                   ro code  0x00067960     0xc4  fault_c.obj [4]
  .text                   ro code  0x00067a24     0xac  cmd_paramCharge.obj [4]
  .text                   ro code  0x00067ad0     0xa6  cmd_paramAppInfo.obj [4]
  .rodata                 const    0x00067b76      0x2  os_dbg.obj [5]
  Initializer bytes       const    0x00067b78     0x88  <for rw-1>
  .text                   ro code  0x00067c00      0xc  cstartup_M.o [7]
  .text                   ro code  0x00067c0c     0x1a  cmain.o [7]
  .text                   ro code  0x00067c26      0x4  low_level_init.o [3]
  .rodata                 const    0x00067c2a      0x2  os_dbg.obj [5]
  .text                   ro code  0x00067c2c     0x28  data_init.o [7]
  .text                   ro code  0x00067c54      0x4  exit.o [3]
  .text                   ro code  0x00067c58      0xa  cexit.o [7]
  .rodata                 const    0x00067c62      0x2  os_dbg.obj [5]
  .text                   ro code  0x00067c64      0xc  XXexit.o [7]
  .text                   ro code  0x00067c70     0x80  cmd_paramTxPwr.obj [4]
  .text                   ro code  0x00067cf0     0x7c  cmd_netReadLink.obj [4]
  .text                   ro code  0x00067d6c     0x6e  cmd_paramEventMask.obj [4]
  .rodata                 const    0x00067dda      0x2  os_dbg.obj [5]
  .text                   ro code  0x00067ddc     0x6c  temp_drv.obj [4]
  .text                   ro code  0x00067e48     0x6c  cmd_netAddMulLink.obj [4]
  .text                   ro code  0x00067eb4     0x6c  cmd_netReadSession.obj [4]
  .text                   ro code  0x00067f20     0x6c  cmd_paramMoteStatus.obj [4]
  .text                   ro code  0x00067f8c     0x68  cmd_paramJoinDC.obj [4]
  .text                   ro code  0x00067ff4     0x66  cmd_netDelMulLink.obj [4]
  .text                   ro code  0x0006805a     0x64  cmd_netReqSvc.obj [4]
  .text                   ro code  0x000680be     0x64  cmd_netReadFrame.obj [4]
  .text                   ro code  0x00068122     0x64  cmd_locGetSvcInfo.obj [4]
  .text                   ro code  0x00068186     0x62  cmd_paramMoteInfo.obj [4]
  .rodata                 const    0x000681e8     0x60  gpio_net_app.o [1]
  .text                   ro code  0x00068248     0x60  cmd_paramShortAddr.obj [4]
  .text                   ro code  0x000682a8     0x5c  cmd_netActivate.obj [4]
  .text                   ro code  0x00068304     0x5c  cmd_paramHrTimer.obj [4]
  .text                   ro code  0x00068360     0x58  cmd_paramMacAddr.obj [4]
  .text                   ro code  0x000683b8     0x58  cmd_paramNetId.obj [4]
  .text                   ro code  0x00068410     0x50  cmd_netAddLink.obj [4]
  .text                   ro code  0x00068460     0x50  cmd_paramChannels.obj [4]
  .text                   ro code  0x000684b0     0x4e  cmd_paramAutoJoin.obj [4]
  .text                   ro code  0x000684fe     0x4e  cmd_paramMobility.obj [4]
  .text                   ro code  0x0006854c     0x4e  cmd_paramOtapLockout.obj [4]
  .text                   ro code  0x0006859a     0x4e  cmd_paramRoutingMode.obj [4]
  .text                   ro code  0x000685e8     0x4e  cmd_paramSizeInfo.obj [4]
  .text                   ro code  0x00068636     0x4e  cmd_locSvcReq.obj [4]
  .text                   ro code  0x00068684     0x4c  cmd_netAssignSvc.obj [4]
  .text                   ro code  0x000686d0     0x4c  cmd_netDelLink.obj [4]
  .text                   ro code  0x0006871c     0x4a  cmd_paramIP6Addr.obj [4]
  .rodata                 const    0x00068766      0x2  os_dbg.obj [5]
  .rodata                 const    0x00068768     0x48  mote.obj [4]
  .text                   ro code  0x000687b0     0x46  cmd_paramNetInfo.obj [4]
  .text                   ro code  0x000687f6     0x46  cmd_locReadSocket.obj [4]
  .text                   ro code  0x0006883c     0x40  cpu_charge.obj [4]
  .text                   ro code  0x0006887c     0x40  cmd_paramCCAMode.obj [4]
  .text                   ro code  0x000688bc     0x40  cmd_paramAdvGraph.obj [4]
  .text                   ro code  0x000688fc     0x40  cmd_zeroize.obj [4]
  .text                   ro code  0x0006893c     0x38  cmd_netEchoReq.obj [4]
  .text                   ro code  0x00068974     0x38  cmd_paramPathAlarm.obj [4]
  .text                   ro code  0x000689ac     0x38  cmd_locBindSocket.obj [4]
  .text                   ro code  0x000689e4     0x38  copy_init3.obj [4]
  .text                   ro code  0x00068a1c     0x36  cmd_netAddFrame.obj [4]
  .text                   ro code  0x00068a52     0x36  cmd_netChgSizeFrame.obj [4]
  .text                   ro code  0x00068a88     0x34  cmd_locOpenSocket.obj [4]
  .text                   ro code  0x00068abc     0x34  zero_init3.obj [4]
  .text                   ro code  0x00068af0     0x32  cmd_moteDisconnect.obj [4]
  .text                   ro code  0x00068b22     0x30  charge_drv.obj [4]
  .text                   ro code  0x00068b52     0x2e  cmd_locSearch.obj [4]
  .text                   ro code  0x00068b80     0x2a  cmd_paramMacMicKey.obj [4]
  .text                   ro code  0x00068baa     0x2a  cmd_locCloseSocket.obj [4]
  .rodata                 const    0x00068bd4     0x28  net_cli_fs.obj [4]
  .text                   ro code  0x00068bfc     0x28  cmd_netReadGraphRt.obj [4]
  .text                   ro code  0x00068c24     0x26  randhw_drv.obj [4]
  .text                   ro code  0x00068c4a     0x26  cmd_netAddConn.obj [4]
  .text                   ro code  0x00068c70     0x26  cmd_netAddGraphRoute.obj [4]
  .text                   ro code  0x00068c96     0x26  cmd_netDelConn.obj [4]
  .text                   ro code  0x00068cbc     0x24  cmd_netDelGraphRoute.obj [4]
  .text                   ro code  0x00068ce0     0x24  cmd_netDelSession.obj [4]
  .text                   ro code  0x00068d04     0x24  cmd_netSetNbrProp.obj [4]
  .text                   ro code  0x00068d28     0x24  cmd_locJoin.obj [4]
  .text                   ro code  0x00068d4c     0x22  cmd_paramAdvKey.obj [4]
  .text                   ro code  0x00068d6e     0x22  cmd_paramJoinKey.obj [4]
  .iar.init_table         const    0x00068d90     0x58  - Linker created -
  .text                   ro code  0x00068de8     0x20  cmd_paramLog.obj [4]
  .text                   ro code  0x00068e08     0x1e  cmd_netCtrlFrame.obj [4]
  .text                   ro code  0x00068e26     0x1e  cmd_locLowPwrSleep.obj [4]
  .text                   ro code  0x00068e44     0x1a  cmd_netDelFrame.obj [4]
  .text                   ro code  0x00068e5e     0x1a  cmd_moteReset.obj [4]
  .text                   ro code  0x00068e78     0x18  cmd_netAddSession.obj [4]
  .text                   ro code  0x00068e90     0x18  cmd_netRefreshAdv.obj [4]
  .text                   ro code  0x00068ea8     0x16  cmd_locClearNv.obj [4]
  .text                   ro code  0x00068ebe     0x10  flashinfo_drv.obj [4]
  .rodata                 const    0x00068ece      0x2  os_dbg.obj [5]
  .rodata                 const    0x00068ed0      0x4  os_dbg.obj [5]
  .rodata                 const    0x00068ed4      0x2  os_dbg.obj [5]
  .rodata                 const    0x00068ed6      0x2  os_dbg.obj [5]
  .rodata                 const    0x00068ed8      0x2  os_dbg.obj [5]
  .rodata                 const    0x00068eda      0x2  os_dbg.obj [5]
  .rodata                 const    0x00068edc      0x2  os_dbg.obj [5]
  .rodata                 const    0x00068ede      0x2  os_dbg.obj [5]
  .rodata                 const    0x00068ee0      0x2  os_dbg.obj [5]
  .rodata                 const    0x00068ee2      0x2  os_dbg.obj [5]
  .rodata                 const    0x00068ee4      0x2  os_dbg.obj [5]
  .rodata                 const    0x00068ee6      0x2  os_dbg.obj [5]
  .rodata                 const    0x00068ee8      0x2  os_dbg.obj [5]
  .rodata                 const    0x00068eea      0x2  os_dbg.obj [5]
  .text                   ro code  0x00068eec      0x2  startup_iar.obj [4]
  .rodata                 const    0x00068eee      0x0  copy_init3.obj [4]
  Initializer bytes       const    0x00068ef0   0x159c  <for P4 s0>
                                 - 0x0006a48c  0x29440

"P4":                                           0x159c
  P4 s0                            0x000c8000   0x159c  <Init block>
    .code_ram             inited   0x000c8000   0x1108  radio.obj [4]
    .code_ram             inited   0x000c9108    0x23c  fault_c.obj [4]
    .code_ram             inited   0x000c9344     0x18  timer_sched.obj [4]
    .code_ram             inited   0x000c935c    0x1c0  dma.obj [4]
    .code_ram             inited   0x000c951c     0x38  fault_a.obj [4]
    .code_ram             inited   0x000c9554     0x2e  nvic.obj [4]
    .code_ram             inited   0x000c9584     0x14  main.obj [4]
    .code_ram             inited   0x000c9598      0x4  os_hooks.obj [4]
                                 - 0x000c959c   0x159c

"P5":                                           0x9998
  SRAM_D                           0x20000000   0x9998  <Block>
    .ram_vectors          uninit   0x20000000    0x100  startup_iar.obj [4]
    CSTACK                         0x20000100    0x800  <Block>
      CSTACK              uninit   0x20000100    0x800  <Block tail>
    rw-1                           0x20000900     0x88  <Init block>
      .data               inited   0x20000900     0x10  dnm_ucli.o [1]
      .data               inited   0x20000910      0x8  llog.obj [4]
      .data               inited   0x20000918      0xc  dnm_cli.obj [4]
      .data               inited   0x20000924     0x24  cmd_otap.obj [4]
      .data               inited   0x20000948     0x24  net_cli_fs.obj [4]
      .textrw             inited   0x2000096c     0x18  flash.obj [4]
      __DLIB_PERTHREAD    inited   0x20000984      0x4  errno.o [3]
    .bss                  zero     0x20000988     0x20  kernel_monitor.obj [4]
    .bss                  zero     0x200009a8     0x30  dn_time.obj [4]
    .bss                  zero     0x200009d8    0x290  lmac_linkseq.obj [4]
    .bss                  zero     0x20000c68     0x10  mac_tof.obj [4]
    .bss                  zero     0x20000c78    0x33c  cli_task.o [1]
    .bss                  zero     0x20000fb4    0x1a4  dnm_local.o [1]
    .bss                  zero     0x20001158    0x408  gpio_net_app.o [1]
    .bss                  zero     0x20001560    0x89c  loc_task.o [1]
    .bss                  zero     0x20001dfc    0xf94  ucos_ii.obj [5]
    .bss                  zero     0x20002d90    0x100  ucos_ii.obj [5]
    .bss                  zero     0x20002e90    0x184  ucos_ii.obj [5]
    .bss                  zero     0x20003014     0xf0  ucos_ii.obj [5]
    .bss                  zero     0x20003104      0x4  ucos_ii.obj [5]
    .bss                  zero     0x20003108      0x4  ucos_ii.obj [5]
    .bss                  zero     0x2000310c      0x4  ucos_ii.obj [5]
    .bss                  zero     0x20003110    0x334  ucos_ii.obj [5]
    .bss                  zero     0x20003444      0x4  ucos_ii.obj [5]
    .bss                  zero     0x20003448    0x400  ucos_ii.obj [5]
    .bss                  zero     0x20003848      0xc  ucos_ii.obj [5]
    .bss                  zero     0x20003854     0x3c  assert.obj [4]
    .bss                  zero     0x20003890    0x480  dn_channel.obj [4]
    .bss                  zero     0x20003d10      0x4  dn_os_tmr.obj [4]
    .bss                  zero     0x20003d14      0x8  dn_os_tmr.obj [4]
    .bss                  zero     0x20003d1c      0x4  mote.obj [4]
    .bss                  zero     0x20003d20    0x888  fs_api.obj [4]
    .bss                  zero     0x200045a8      0xc  hw_dbg.obj [4]
    .bss                  zero     0x200045b4    0x188  k_cli.obj [4]
    .bss                  zero     0x2000473c      0x4  kernel.obj [4]
    .bss                  zero     0x20004740    0x30c  kernel_monitor.obj [4]
    .bss                  zero     0x20004a4c     0x80  kernel_monitor.obj [4]
    .bss                  zero     0x20004acc    0x468  radio.obj [4]
    .bss                  zero     0x20004f34      0x8  radio.obj [4]
    .bss                  zero     0x20004f3c    0x47c  radio.obj [4]
    .bss                  zero     0x200053b8      0x8  radio.obj [4]
    .bss                  zero     0x200053c0     0x6c  timer_sched.obj [4]
    .bss                  zero     0x2000542c     0xa8  uartc.obj [4]
    .bss                  zero     0x200054d4      0x4  bops_drv.obj [4]
    .bss                  zero     0x200054d8     0x40  adc_drv.obj [4]
    .bss                  zero     0x20005518      0x8  cli_drv.obj [4]
    .bss                  zero     0x20005520     0x10  gpio_drv.obj [4]
    .bss                  zero     0x20005530      0x8  hwinfo_drv.obj [4]
    .bss                  zero     0x20005538     0x18  i2c_drv.obj [4]
    .bss                  zero     0x20005550     0x10  onewire_drv.obj [4]
    .bss                  zero     0x20005560     0x5c  radio_drv.obj [4]
    .bss                  zero     0x200055bc     0x18  spi_drv.obj [4]
    .bss                  zero     0x200055d4    0x4ac  uart_drv.obj [4]
    .bss                  zero     0x20005a80    0x2a4  timer.obj [4]
    .bss                  zero     0x20005d24      0x8  alarms.obj [4]
    .bss                  zero     0x20005d2c     0x18  dev_info.obj [4]
    .bss                  zero     0x20005d44      0x8  ip_cfg.obj [4]
    .bss                  zero     0x20005d4c      0x8  ip_cfg.obj [4]
    .bss                  zero     0x20005d54      0xc  event.obj [4]
    .bss                  zero     0x20005d60    0x628  loc_intf.obj [4]
    .bss                  zero     0x20006388    0x620  mote_monitor.obj [4]
    .bss                  zero     0x200069a8     0x18  net_cfg.obj [4]
    .bss                  zero     0x200069c0     0x18  join.obj [4]
    .bss                  zero     0x200069d8    0x618  net_mac.obj [4]
    .bss                  zero     0x20006ff0      0xc  net_mac.obj [4]
    .bss                  zero     0x20006ffc    0x570  net_pk.obj [4]
    .bss                  zero     0x2000756c     0x10  net_queue.obj [4]
    .bss                  zero     0x2000757c      0xc  net_util.obj [4]
    .bss                  zero     0x20007588     0x11  report.obj [4]
    .bss                  zero     0x20007599      0x2  assert.obj [4]
    .bss                  zero     0x2000759b      0x1  dnm_ucli.o [1]
    .bss                  zero     0x2000759c     0x18  route.obj [4]
    .bss                  zero     0x200075b4     0x68  security.obj [4]
    .bss                  zero     0x2000761c     0x30  service.obj [4]
    .bss                  zero     0x2000764c     0x1c  time_info.obj [4]
    .bss                  zero     0x20007668     0x1c  transport_util.obj [4]
    .bss                  zero     0x20007684     0x48  socket.obj [4]
    .bss                  zero     0x200076cc      0xc  pmu.obj [4]
    .bss                  zero     0x200076d8      0x4  block_op.obj [4]
    .bss                  zero     0x200076dc      0x8  main.obj [4]
    .bss                  zero     0x200076e4    0x120  uart_cli.obj [4]
    .bss                  zero     0x20007804     0x38  clkcomp.obj [4]
    .bss                  zero     0x2000783c      0xc  flash_drv.obj [4]
    .bss                  zero     0x20007848    0x940  mac.obj [4]
    .bss                  zero     0x20008188      0x4  random2.obj [4]
    .bss                  zero     0x2000818c     0xb8  security_drv.obj [4]
    .bss                  zero     0x20008244     0x44  wd.obj [4]
    .bss                  zero     0x20008288     0x10  flash.obj [4]
    .bss                  zero     0x20008298     0x2c  adc_controller.obj [4]
    .bss                  zero     0x200082c4     0x5c  cal_struct.obj [4]
    .bss                  zero     0x20008320     0x40  dma.obj [4]
    .bss                  zero     0x20008360     0x24  mem.obj [4]
    .bss                  zero     0x20008384     0x48  uart.obj [4]
    .bss                  zero     0x200083cc      0x8  charge.obj [4]
    .bss                  zero     0x200083d4      0x4  gpio_radio_inhibit.obj [4]
    .bss                  zero     0x200083d8     0x20  i2c.obj [4]
    .bss                  zero     0x200083f8      0x4  one_wire.obj [4]
    .bss                  zero     0x200083fc     0x18  spi_master.obj [4]
    .bss                  zero     0x20008414      0xc  spi_master.obj [4]
    .bss                  zero     0x20008420     0x14  spi_master.obj [4]
    .bss                  zero     0x20008434      0x4  cmd_netEchoReq.obj [4]
    .bss                  zero     0x20008438     0x1c  cmd_otap.obj [4]
    .bss                  zero     0x20008454      0x4  cmd.obj [4]
    .bss                  zero     0x20008458     0x14  net_cli.obj [4]
    .bss                  zero     0x2000846c     0x84  net_cli.obj [4]
    .bss                  zero     0x200084f0      0x4  net.obj [4]
    .bss                  zero     0x200084f4      0x4  notif.obj [4]
    .bss                  zero     0x200084f8      0xc  cpu_charge.obj [4]
    .bss                  zero     0x20008504     0xb0  aes_hw.obj [4]
    .bss                  zero     0x200085b4     0x30  netpll.obj [4]
    .bss                  zero     0x200085e4     0x44  lmac.obj [4]
    .bss                  zero     0x20008628     0x40  mac_graph.obj [4]
    .bss                  zero     0x20008668    0x12c  mac_info.obj [4]
    .bss                  zero     0x20008794     0x20  mac_dscv.obj [4]
    .bss                  zero     0x200087b4     0x38  mac_duplicate.obj [4]
    .bss                  zero     0x200087ec    0x398  mac_frame.obj [4]
    .bss                  zero     0x20008b84      0x4  mac_link.obj [4]
    .bss                  zero     0x20008b88      0x8  mac_link.obj [4]
    .bss                  zero     0x20008b90      0x8  mac_join.obj [4]
    .bss                  zero     0x20008b98     0x14  mac_net.obj [4]
    .bss                  zero     0x20008bac    0x910  mac_pk.obj [4]
    .bss                  zero     0x200094bc      0x8  cmd_locRadioTest.obj [4]
    .bss                  zero     0x200094c4     0x34  radio_utils.obj [4]
    .bss                  zero     0x200094f8      0x4  transport.obj [4]
    .bss                  zero     0x200094fc      0x4  lmac_adv.obj [4]
    .bss                  zero     0x20009500      0x8  lmac_linkseq_util.obj [4]
    .bss                  zero     0x20009508     0xf0  lmac_notif.obj [4]
    .bss                  zero     0x200095f8     0x34  lmac_pk.obj [4]
    .bss                  zero     0x2000962c    0x26c  tengine.obj [4]
    .bss                  zero     0x20009898     0x74  tengine.obj [4]
    .bss                  zero     0x2000990c     0x1c  tengine.obj [4]
    .bss                  zero     0x20009928     0x1c  tengine.obj [4]
    .bss                  zero     0x20009944     0x20  tengine_header.obj [4]
    .bss                  zero     0x20009964      0xc  mac_proc_adv.obj [4]
    .bss                  zero     0x20009970      0x2  ucos_ii.obj [5]
    .bss                  zero     0x20009972      0x2  ucos_ii.obj [5]
    .bss                  zero     0x20009974      0x2  os_cpu_c.obj [5]
    .bss                  zero     0x20009976      0x1  assert.obj [4]
    .bss                  zero     0x20009977      0x1  flash_info.obj [4]
    .bss                  zero     0x20009978      0x1  clkcomp.obj [4]
    .bss                  zero     0x20009979      0x1  dnm_cli.obj [4]
    .bss                  zero     0x2000997a      0x2  mac_dscv.obj [4]
    .bss                  zero     0x2000997c      0x1  lmac_linkseq_util.obj [4]
    .coderam_heap_end              0x20009980      0x4  <Block>
      .coderam_heap_end   zero     0x20009980      0x1  mem.obj [4]
    .coderam_heap_start            0x20009984      0x4  <Block>
      .coderam_heap_start
                          zero     0x20009984      0x1  mem.obj [4]
    .noinit               uninit   0x20009988      0xc  hw_dbg.obj [4]
    .heap_start                    0x20009994      0x4  <Block>
      .heap_start         zero     0x20009994      0x1  mem.obj [4]
                                 - 0x20009998   0x9998

"A3":                                              0x4
  .heap_end                        0x2000fffc      0x4  <Block>
    .heap_end             zero     0x2000fffc      0x1  mem.obj [4]
                                 - 0x20010000      0x4


*******************************************************************************
*** INIT TABLE
***

          Address     Size
          -------     ----
Zero (__iar_zero_init3)
    5 destination ranges, total size 0x8ff9:
          0x20000988  0x8ff5
          0x20009980     0x1
          0x20009984     0x1
          0x20009994     0x1
          0x2000fffc     0x1

Copy (__iar_copy_init3)
    1 source range, total size 0x88:
          0x00067b78    0x88
    1 destination range, total size 0x88:
          0x20000900    0x88

Copy (__iar_copy_init3)
    1 source range, total size 0x159c:
          0x00068ef0  0x159c
    1 destination range, total size 0x159c:
          0x000c8000  0x159c



*******************************************************************************
*** MODULE SUMMARY
***

    Module                     ro code  rw code  ro data  rw data
    ------                     -------  -------  -------  -------
C:\Users\cory\Documents\GitHub\SPAIS\projects\iar\SPAIS\Debug\Obj: [1]
    cli_task.o                     536                        828
    dnm_local.o                  1 092                        420
    dnm_ucli.o                     612                16       17
    gpio_net_app.o               1 308               128    1 032
    loc_task.o                     972                      2 204
    -------------------------------------------------------------
    Total:                       4 520               144    4 501

command line: [2]
    -------------------------------------------------------------
    Total:

dl7M_tln.a: [3]
    bsearch.o                       64
    errno.o                         12                 4        4
    exit.o                           4
    low_level_init.o                 4
    snprintf.o                      68
    sscanf.o                        36
    strncat.o                       40
    strncmp.o                       44
    vsnprint.o                      60
    xprintfsmall.o               1 244
    xscanfsmall_nomb.o           1 296
    xsnprout.o                      26
    xsscin.o                        30
    xstol.o                        134
    xstoul.o                       412
    xtls.o                           2
    -------------------------------------------------------------
    Total:                       3 476                 4        4

libip_stack.a: [4]
    adc_controller.obj           1 364                         44
    adc_drv.obj                    988                         64
    addrmap.obj                      6
    aes_hw.obj                   1 520                        176
    alarms.obj                     172                          8
    arr.obj                        268
    assert.obj                     304                         63
    block_op.obj                   180                          4
    bops_drv.obj                   180                          4
    cal_struct.obj                 504                         92
    charge.obj                      68                          8
    charge_drv.obj                  48
    cli_drv.obj                    200                          8
    clkcomp.obj                  1 528                         57
    cmd.obj                        700                          4
    cmd_locBindSocket.obj           56
    cmd_locClearNv.obj              22
    cmd_locCloseSocket.obj          42
    cmd_locGetSvcInfo.obj          100
    cmd_locJoin.obj                 36
    cmd_locLowPwrSleep.obj          30
    cmd_locOpenSocket.obj           52
    cmd_locRadioTest.obj           552                          8
    cmd_locReadSocket.obj           70
    cmd_locSearch.obj               46
    cmd_locSvcReq.obj               78
    cmd_local.obj                  256
    cmd_moteDisconnect.obj          50
    cmd_moteReset.obj               26
    cmd_net.obj                    660
    cmd_netActivate.obj             92
    cmd_netAddConn.obj              38
    cmd_netAddFrame.obj             54
    cmd_netAddGraphRoute.obj        38
    cmd_netAddLink.obj              80
    cmd_netAddMulLink.obj          108
    cmd_netAddSession.obj           24
    cmd_netAssignSvc.obj            76
    cmd_netChgSizeFrame.obj         54
    cmd_netCtrlFrame.obj            30
    cmd_netDelConn.obj              38
    cmd_netDelFrame.obj             26
    cmd_netDelGraphRoute.obj        36
    cmd_netDelLink.obj              76
    cmd_netDelMulLink.obj          102
    cmd_netDelSession.obj           36
    cmd_netEchoReq.obj              56                          4
    cmd_netReadFrame.obj           100
    cmd_netReadGraphRt.obj          40
    cmd_netReadLink.obj            124
    cmd_netReadSession.obj         108
    cmd_netRefreshAdv.obj           24
    cmd_netReqSvc.obj              100
    cmd_netSetNbrProp.obj           36
    cmd_otap.obj                 4 016                36       64
    cmd_param.obj                  504
    cmd_paramAdvGraph.obj           64
    cmd_paramAdvKey.obj             34
    cmd_paramAppInfo.obj           166
    cmd_paramAutoJoin.obj           78
    cmd_paramCCAMode.obj            64
    cmd_paramChannels.obj           80
    cmd_paramCharge.obj            172
    cmd_paramEventMask.obj         110
    cmd_paramHrTimer.obj            92
    cmd_paramIP6Addr.obj            74
    cmd_paramJoinDC.obj            104
    cmd_paramJoinKey.obj            34
    cmd_paramLog.obj                32
    cmd_paramMacAddr.obj            88
    cmd_paramMacMicKey.obj          42
    cmd_paramMobility.obj           78
    cmd_paramMoteInfo.obj           98
    cmd_paramMoteStatus.obj        108
    cmd_paramNetId.obj              88
    cmd_paramNetInfo.obj            70
    cmd_paramOtapLockout.obj        78
    cmd_paramPathAlarm.obj          56
    cmd_paramPwrCostInfo.obj        34
    cmd_paramPwrSrc.obj            540
    cmd_paramRoutingMode.obj        78
    cmd_paramShortAddr.obj          96
    cmd_paramSizeInfo.obj           78
    cmd_paramTime.obj              318
    cmd_paramTxPwr.obj             128
    cmd_zeroize.obj                 64
    config.obj                   1 928
    copy_init3.obj                  56
    cpu_charge.obj                  64                         12
    dev_info.obj                   490                         24
    dma.obj                        696      448      448       64
    dn_channel.obj               1 840                      1 152
    dn_os_tmr.obj                1 488                         12
    dn_system.obj                1 492
    dn_time.obj                    524                         48
    dnm_cli.obj                    592                12       13
    dnm_cli_util.obj             1 024
    event.obj                      448                         12
    ext_bus.obj                    228
    ext_bus_mem.obj                154
    fault_a.obj                              56       56
    fault_c.obj                    196      572      572
    fcs.obj                        612
    flash.obj                      664       24       24       16
    flash_charge.obj                16
    flash_drv.obj                  872                         12
    flash_drv_par.obj               12
    flash_info.obj                 416                          1
    flashinfo_drv.obj               16
    fs_api.obj                   1 568                      2 184
    fs_utils.obj                 3 576
    fuse_table.obj                  52
    gpio.obj                       196
    gpio_drv.obj                   768                         16
    gpio_radio_inhibit.obj         124                          4
    hw_dbg.obj                      68                         24
    hwinfo_drv.obj                 244                          8
    i2c.obj                        500                         32
    i2c_drv.obj                    688                         24
    ilist.obj                      262
    ioconfig.obj                    52
    ip.obj                         764
    ip_cfg.obj                   1 408               268       16
    ip_util.obj                     72
    join.obj                     1 912                         24
    k_cli.obj                    1 216                        392
    kernel.obj                     168                          4
    kernel_monitor.obj             816                        940
    llist.obj                      100
    llog.obj                       568                 8        8
    lmac.obj                     1 948                         68
    lmac_adv.obj                   588                          4
    lmac_linkseq.obj             1 792                        656
    lmac_linkseq_util.obj          968                          9
    lmac_macintf.obj             2 540
    lmac_notif.obj                 228                        240
    lmac_pk.obj                    172                         52
    loc_ap.obj                      12
    loc_intf.obj                 1 800                      1 576
    lzss.obj                       268
    mac.obj                      1 820                      2 368
    mac_api.obj                  3 048               276
    mac_asn.obj                    282
    mac_aux.obj                     92
    mac_conn.obj                   260
    mac_dscv.obj                   304                         34
    mac_duplicate.obj              348                         56
    mac_frame.obj                1 186                        920
    mac_graph.obj                  288                         64
    mac_info.obj                                              300
    mac_intf.obj                 1 756
    mac_join.obj                 2 336                          8
    mac_link.obj                 1 140                         12
    mac_lmacintf.obj               248
    mac_neighb.obj               1 168
    mac_net.obj                    828                         20
    mac_pk.obj                     212                      2 320
    mac_proc_adv.obj               456                         12
    mac_tof.obj                    580                         16
    main.obj                       532       20       22        8
    mem.obj                        232                         40
    mem_drv.obj                      4
    membuf.obj                     216
    memtest.obj                    214
    mesh.obj                       644
    mote.obj                       496                72        4
    mote_cli.obj                 2 032               524
    mote_monitor.obj             1 244                      1 568
    mpu.obj                         84
    net.obj                      1 320                          4
    net_cfg.obj                     92                         24
    net_cli.obj                  1 888                        152
    net_cli_fs.obj               1 940                76       36
    net_mac.obj                  1 832                      1 572
    net_pk.obj                     208                      1 392
    net_queue.obj                  272                         16
    net_util.obj                    56                         12
    netpll.obj                     700                         48
    notif.obj                    1 096                          4
    nucleus.obj                      2
    nvic.obj                       418       46       46
    one_wire.obj                 1 848                          4
    onewire_drv.obj              1 008                         16
    os_dn_utils.obj                 12
    os_hooks.obj                     8        4        4
    pktrace.obj                  5 776               756
    pmu.obj                      1 492                         12
    pps_drv.obj                     10
    pwm32k.obj                      40
    radio.obj                    9 844    4 360    4 360    2 292
    radio_drv.obj                1 420                         92
    radio_utils.obj              1 428                         52
    randhw_drv.obj                  38
    random2.obj                    126                          4
    report.obj                   1 408                         17
    reset.obj                       16
    ring.obj                       132
    rlock.obj                      176
    route.obj                      428                         24
    security.obj                 1 608                        104
    security_cntr.obj              138
    security_drv.obj               940                        184
    security_drv_selftest.obj      452
    service.obj                    544                         48
    settime.obj                    272
    socket.obj                     892                         72
    spi_drv.obj                  1 296                         24
    spi_master.obj                 984                         56
    startup_iar.obj                  2                28      256
    temp_drv.obj                   108
    tengine.obj                  1 612                        792
    tengine_charge.obj             148
    tengine_header.obj           3 060                         32
    tengine_pk.obj               1 628
    tengine_sched.obj            6 004
    time_info.obj                  432                         28
    timer.obj                      620                        676
    timer_sched.obj              2 148       24       24      108
    tof.obj                        180
    trace_utils.obj                 34
    transport.obj                  552                          4
    transport_util.obj             180                         28
    uart.obj                     1 604                         72
    uart_cli.obj                   748                        288
    uart_drv.obj                   960                      1 196
    uartc.obj                      908                        168
    udp.obj                        520
    utils.obj                      772               372
    wd.obj                         284                         68
    zero_init3.obj                  52
    -------------------------------------------------------------
    Total:                     145 300    5 554    7 984   25 982

libucos_full.a: [5]
    os_cpu_a.obj                   160
    os_cpu_c.obj                   152                          2
    os_dbg.obj                       2                92
    ucos_ii.obj                  5 300                      6 748
    -------------------------------------------------------------
    Total:                       5 614                92    6 750

m7M_tl.a: [6]
    DblAdd.o                       232
    DblCmpLe.o                      46
    DblSub.o                       364
    I32ToDbl.o                      28
    -------------------------------------------------------------
    Total:                         670

rt7M_tl.a: [7]
    ABImemclr.o                      6
    ABImemclr4.o                     6
    ABImemcpy_unaligned.o          118
    ABImemset.o                    102
    ABImemset48.o                   58
    I64DivMod.o                    306
    I64DivZer.o                      2
    I64Shl.o                        34
    U64Shr.o                        30
    XXexit.o                        12
    cexit.o                         10
    cmain.o                         26
    cstartup_M.o                    12
    data_init.o                     40
    memchr.o                        88
    memcmp_unaligned.o              98
    strchr.o                        22
    strcmp_unaligned.o              66
    strlen.o                        54
    strncpy_unaligned.o            108
    -------------------------------------------------------------
    Total:                       1 198

    Gaps                                      2
    Linker created                   8                90    2 048
-----------------------------------------------------------------
    Grand Total:               160 786    5 556    8 314   39 285


*******************************************************************************
*** ENTRY LIST
***

Entry                      Address   Size  Type      Object
-----                      -------   ----  ----      ------
.coderam_heap_end$$Base
                        0x20009980          --   Gb  - Linker created -
.coderam_heap_end$$Limit
                        0x20009984          --   Gb  - Linker created -
.coderam_heap_start$$Base
                        0x20009984          --   Gb  - Linker created -
.coderam_heap_start$$Limit
                        0x20009988          --   Gb  - Linker created -
.heap_end$$Base         0x2000fffc          --   Gb  - Linker created -
.heap_end$$Limit        0x20010000          --   Gb  - Linker created -
.heap_start$$Base       0x20009994          --   Gb  - Linker created -
.heap_start$$Limit      0x20009998          --   Gb  - Linker created -
.iar.init_table$$Base   0x00068d90          --   Gb  - Linker created -
.iar.init_table$$Limit  0x00068de8          --   Gb  - Linker created -
?main                   0x00067c0d         Code  Gb  cmain.o [7]
App_TCBInitHook         0x00058909    0x2  Code  Gb  os_hooks.obj [4]
App_TaskCreateHook      0x0005890b    0x2  Code  Gb  os_hooks.obj [4]
App_TaskIdleHook        0x000c9599    0x4  Code  Gb  os_hooks.obj [4]
App_TaskSwHook          0x00058905    0x4  Code  Gb  os_hooks.obj [4]
BSPACE                  0x00044510    0x4  Data  Lc  k_cli.obj [4]
CRLF                    0x0004450c    0x2  Data  Lc  k_cli.obj [4]
CSTACK$$Base            0x20000100          --   Gb  - Linker created -
CSTACK$$Limit           0x20000900          --   Gb  - Linker created -
DN_BCAST_LONG_ADDR      0x00068798    0x8  Data  Gb  mote.obj [4]
DN_IPV6_LOCALHOST_ADDR  0x00068788   0x10  Data  Gb  mote.obj [4]
DN_MGR_IPV6_MULTICAST_ADDR
                        0x00068778   0x10  Data  Gb  mote.obj [4]
DN_MGR_LONG_ADDR        0x0004c634    0x8  Data  Gb  mote.obj [4]
DN_MOTE_IPV6_BCAST_ADDR
                        0x00068768   0x10  Data  Gb  mote.obj [4]
DN_ZERO_ASN             0x000687a8    0x8  Data  Gb  mote.obj [4]
DN_ZERO_LONG_ADDR       0x000687a0    0x8  Data  Gb  mote.obj [4]
IntDefaultHandler       0x00068eed    0x2  Code  Lc  startup_iar.obj [4]
LOW_LEVEL_WAIT_FOR_EVENT
                        0x00044aa5    0xe  Code  Gb  nvic.obj [4]
LoadInt                 0x0004e119   0x4c  Code  Lc  xprintfsmall.o [3]
MOTE_CLI_COMMANDS       0x000533ec   0xb0  Data  Lc  mote_cli.obj [4]
MOTE_CLI_SHOWSUBCMD     0x0005349c   0x80  Data  Lc  mote_cli.obj [4]
OSCtxSw                 0x00044d2f         Code  Gb  os_cpu_a.obj [5]
OSCtxSwCtr              0x20001e0c    0x4  Data  Gb  ucos_ii.obj [5]
OSDataSize              0x00068eea    0x2  Data  Gb  os_dbg.obj [5]
OSDebugEn               0x00046192    0x2  Data  Gb  os_dbg.obj [5]
OSDebugInit             0x0004ecd9    0x2  Code  Gb  os_dbg.obj [5]
OSEndiannessTest        0x00068ed0    0x4  Data  Gb  os_dbg.obj [5]
OSEventEn               0x00048d3a    0x2  Data  Gb  os_dbg.obj [5]
OSEventFreeList         0x20001e10    0x4  Data  Gb  ucos_ii.obj [5]
OSEventMax              0x0004855e    0x2  Data  Gb  os_dbg.obj [5]
OSEventNameSize         0x000485a2    0x2  Data  Gb  os_dbg.obj [5]
OSEventPendMulti        0x00046bb1  0x204  Code  Gb  ucos_ii.obj [5]
OSEventSize             0x00048db2    0x2  Data  Gb  os_dbg.obj [5]
OSEventTbl              0x20001e34  0x6e0  Data  Gb  ucos_ii.obj [5]
OSEventTblSize          0x00048dee    0x2  Data  Gb  os_dbg.obj [5]
OSFlagCreate            0x00047397   0x46  Code  Gb  ucos_ii.obj [5]
OSFlagEn                0x0004a7da    0x2  Data  Gb  os_dbg.obj [5]
OSFlagFreeList          0x20001e14    0x4  Data  Gb  ucos_ii.obj [5]
OSFlagGrpSize           0x0004b7a2    0x2  Data  Gb  os_dbg.obj [5]
OSFlagMax               0x0004ecda    0x2  Data  Gb  os_dbg.obj [5]
OSFlagNameSize          0x0004f302    0x2  Data  Gb  os_dbg.obj [5]
OSFlagNodeSize          0x0004cb5a    0x2  Data  Gb  os_dbg.obj [5]
OSFlagPend              0x000473e9  0x1d2  Code  Gb  ucos_ii.obj [5]
OSFlagPost              0x000475bb   0xac  Code  Gb  ucos_ii.obj [5]
OSFlagTbl               0x20002514   0x70  Data  Gb  ucos_ii.obj [5]
OSFlagWidth             0x0004cbda    0x2  Data  Gb  os_dbg.obj [5]
OSGetCurPrio            0x00062711    0xc  Code  Gb  os_dn_utils.obj [4]
OSIdleCtr               0x20001e18    0x4  Data  Gb  ucos_ii.obj [5]
OSInit                  0x00046db5  0x106  Code  Gb  ucos_ii.obj [5]
OSInitHookBegin         0x0004ec41    0x8  Code  Gb  os_cpu_c.obj [5]
OSInitHookEnd           0x0004ec49    0x2  Code  Gb  os_cpu_c.obj [5]
OSIntCtxSw              0x00044d37         Code  Gb  os_cpu_a.obj [5]
OSIntEnter              0x00046ecd   0x28  Code  Gb  ucos_ii.obj [5]
OSIntExit               0x00046ef5   0x6c  Code  Gb  ucos_ii.obj [5]
OSIntNesting            0x20001dfc    0x1  Data  Gb  ucos_ii.obj [5]
OSLockNesting           0x20001dfd    0x1  Data  Gb  ucos_ii.obj [5]
OSLowestPrio            0x0004f392    0x2  Data  Gb  os_dbg.obj [5]
OSMboxEn                0x00050c2a    0x2  Data  Gb  os_dbg.obj [5]
OSMemCreate             0x00047721   0x6c  Code  Gb  ucos_ii.obj [5]
OSMemEn                 0x00052402    0x2  Data  Gb  os_dbg.obj [5]
OSMemFreeList           0x20002e90    0x4  Data  Gb  ucos_ii.obj [5]
OSMemGet                0x00047799   0x36  Code  Gb  ucos_ii.obj [5]
OSMemMax                0x00058866    0x2  Data  Gb  os_dbg.obj [5]
OSMemNameSize           0x00058a12    0x2  Data  Gb  os_dbg.obj [5]
OSMemPut                0x000477d5   0x34  Code  Gb  ucos_ii.obj [5]
OSMemQuery              0x00047809   0x3a  Code  Gb  ucos_ii.obj [5]
OSMemSize               0x00058fd6    0x2  Data  Gb  os_dbg.obj [5]
OSMemTbl                0x20002e94  0x180  Data  Gb  ucos_ii.obj [5]
OSMemTblSize            0x0005c5a6    0x2  Data  Gb  os_dbg.obj [5]
OSMutexEn               0x0005c5c6    0x2  Data  Gb  os_dbg.obj [5]
OSPrioCur               0x20001dfe    0x1  Data  Gb  ucos_ii.obj [5]
OSPrioHighRdy           0x20001dff    0x1  Data  Gb  ucos_ii.obj [5]
OSPtrSize               0x0005ebc6    0x2  Data  Gb  os_dbg.obj [5]
OSQCreate               0x00047889   0x72  Code  Gb  ucos_ii.obj [5]
OSQDel                  0x00047901   0xc4  Code  Gb  ucos_ii.obj [5]
OSQEn                   0x00061fda    0x2  Data  Gb  os_dbg.obj [5]
OSQFreeList             0x20001e2c    0x4  Data  Gb  ucos_ii.obj [5]
OSQMax                  0x0006270e    0x2  Data  Gb  os_dbg.obj [5]
OSQPend                 0x000479c5   0xda  Code  Gb  ucos_ii.obj [5]
OSQPost                 0x00047aa7   0x6a  Code  Gb  ucos_ii.obj [5]
OSQQuery                0x00047b1b   0x80  Code  Gb  ucos_ii.obj [5]
OSQSize                 0x00062a5e    0x2  Data  Gb  os_dbg.obj [5]
OSQTbl                  0x20003014   0xf0  Data  Gb  ucos_ii.obj [5]
OSRdyGrp                0x20001e00    0x1  Data  Gb  ucos_ii.obj [5]
OSRdyTbl                0x20001e04    0x8  Data  Gb  ucos_ii.obj [5]
OSRdyTblSize            0x00062b02    0x2  Data  Gb  os_dbg.obj [5]
OSRunning               0x20001e01    0x1  Data  Gb  ucos_ii.obj [5]
OSSemAccept             0x00047be1   0x22  Code  Gb  ucos_ii.obj [5]
OSSemCreate             0x00047c0b   0x3e  Code  Gb  ucos_ii.obj [5]
OSSemDel                0x00047c49   0xac  Code  Gb  ucos_ii.obj [5]
OSSemEn                 0x00067676    0x2  Data  Gb  os_dbg.obj [5]
OSSemPend               0x00047d05   0xc0  Code  Gb  ucos_ii.obj [5]
OSSemPost               0x00047dcd   0x5c  Code  Gb  ucos_ii.obj [5]
OSSemQuery              0x00047e29   0x6e  Code  Gb  ucos_ii.obj [5]
OSSemSet                0x00047e97   0x3e  Code  Gb  ucos_ii.obj [5]
OSStart                 0x00046f61   0x28  Code  Gb  ucos_ii.obj [5]
OSStartHighRdy          0x00044d13         Code  Gb  os_cpu_a.obj [5]
OSStkWidth              0x00067b76    0x2  Data  Gb  os_dbg.obj [5]
OSTCBCur                0x20001e1c    0x4  Data  Gb  ucos_ii.obj [5]
OSTCBFreeList           0x20001e20    0x4  Data  Gb  ucos_ii.obj [5]
OSTCBHighRdy            0x20001e24    0x4  Data  Gb  ucos_ii.obj [5]
OSTCBInitHook           0x0004eccf    0x4  Code  Gb  os_cpu_c.obj [5]
OSTCBList               0x20001e28    0x4  Data  Gb  ucos_ii.obj [5]
OSTCBPrioTbl            0x20002d90  0x100  Data  Gb  ucos_ii.obj [5]
OSTCBPrioTblMax         0x00068ee0    0x2  Data  Gb  os_dbg.obj [5]
OSTCBSize               0x00068ee2    0x2  Data  Gb  os_dbg.obj [5]
OSTCBTbl                0x20002684  0x70c  Data  Gb  ucos_ii.obj [5]
OSTaskCreateEn          0x00067c2a    0x2  Data  Gb  os_dbg.obj [5]
OSTaskCreateExt         0x00047ed5   0x9a  Code  Gb  ucos_ii.obj [5]
OSTaskCreateExtEn       0x00067c62    0x2  Data  Gb  os_dbg.obj [5]
OSTaskCreateHook        0x0004ec4b    0x4  Code  Gb  os_cpu_c.obj [5]
OSTaskCtr               0x20001e02    0x1  Data  Gb  ucos_ii.obj [5]
OSTaskDelEn             0x00067dda    0x2  Data  Gb  os_dbg.obj [5]
OSTaskIdleHook          0x0004ec4f    0x4  Code  Gb  os_cpu_c.obj [5]
OSTaskIdleStk           0x20002584  0x100  Data  Gb  ucos_ii.obj [5]
OSTaskIdleStkSize       0x00068766    0x2  Data  Gb  os_dbg.obj [5]
OSTaskMax               0x00068ed4    0x2  Data  Gb  os_dbg.obj [5]
OSTaskNameSet           0x00047f79   0x56  Code  Gb  ucos_ii.obj [5]
OSTaskNameSize          0x00068ed6    0x2  Data  Gb  os_dbg.obj [5]
OSTaskProfileEn         0x00068ece    0x2  Data  Gb  os_dbg.obj [5]
OSTaskStatEn            0x00068ed8    0x2  Data  Gb  os_dbg.obj [5]
OSTaskStatStkChkEn      0x00068edc    0x2  Data  Gb  os_dbg.obj [5]
OSTaskStatStkSize       0x00068eda    0x2  Data  Gb  os_dbg.obj [5]
OSTaskStkChk            0x00047fcf   0x6c  Code  Gb  ucos_ii.obj [5]
OSTaskStkInit           0x0004ec53   0x78  Code  Gb  os_cpu_c.obj [5]
OSTaskSwHook            0x0004eccb    0x4  Code  Gb  os_cpu_c.obj [5]
OSTaskSwHookEn          0x00068ede    0x2  Data  Gb  os_dbg.obj [5]
OSTicksPerSec           0x00068ee4    0x2  Data  Gb  os_dbg.obj [5]
OSTime                  0x20001e30    0x4  Data  Gb  ucos_ii.obj [5]
OSTimeDly               0x00045751   0x2a  Code  Gb  dn_os_tmr.obj [4]
OSTimeGet               0x0004577b   0x1a  Code  Gb  dn_os_tmr.obj [4]
OSTimeTickHookEn        0x00068ee6    0x2  Data  Gb  os_dbg.obj [5]
OSTmrCreate             0x0004539d   0x98  Code  Gb  dn_os_tmr.obj [4]
OSTmrCtr                0x20009974    0x2  Data  Lc  os_cpu_c.obj [5]
OSTmrDel                0x00045435   0x86  Code  Gb  dn_os_tmr.obj [4]
OSTmrDnStartUsec        0x00045523   0x74  Code  Gb  dn_os_tmr.obj [4]
OSTmrFree               0x20009970    0x2  Data  Gb  ucos_ii.obj [5]
OSTmrFreeList           0x20003444    0x4  Data  Gb  ucos_ii.obj [5]
OSTmrMaxNumb            0x20003d10    0x4  Data  Gb  dn_os_tmr.obj [4]
OSTmrSem                0x20003108    0x4  Data  Gb  ucos_ii.obj [5]
OSTmrSemSignal          0x2000310c    0x4  Data  Gb  ucos_ii.obj [5]
OSTmrSignal             0x000455c5    0x8  Code  Gb  dn_os_tmr.obj [4]
OSTmrStart              0x000454bb   0x68  Code  Gb  dn_os_tmr.obj [4]
OSTmrStop               0x00045597   0x2e  Code  Gb  dn_os_tmr.obj [4]
OSTmrTaskStk            0x20003448  0x400  Data  Gb  ucos_ii.obj [5]
OSTmrTbl                0x20003110  0x334  Data  Gb  ucos_ii.obj [5]
OSTmrTime               0x20003104    0x4  Data  Gb  ucos_ii.obj [5]
OSTmrUsed               0x20009972    0x2  Data  Gb  ucos_ii.obj [5]
OSTmrWheelTbl           0x20003848    0xc  Data  Gb  ucos_ii.obj [5]
OSTmr_Init              0x000455cd   0xe4  Code  Gb  dn_os_tmr.obj [4]
OSTmr_Task              0x000456b9   0x98  Code  Lc  dn_os_tmr.obj [4]
OSUnMapTbl              0x00047188  0x100  Data  Gb  ucos_ii.obj [5]
OSVersionNbr            0x00068ee8    0x2  Data  Gb  os_dbg.obj [5]
OS_CPU_PendSVHandler    0x00044d3f         Code  Gb  os_cpu_a.obj [5]
OS_CPU_SR_Restore       0x00044d0d         Code  Gb  os_cpu_a.obj [5]
OS_CPU_SR_Save          0x00044d05         Code  Gb  os_cpu_a.obj [5]
OS_EventTaskRdy         0x00046f89   0x74  Code  Gb  ucos_ii.obj [5]
OS_EventTaskRemove      0x000470a9   0x24  Code  Gb  ucos_ii.obj [5]
OS_EventTaskRemoveMulti
                        0x000470cd   0x30  Code  Gb  ucos_ii.obj [5]
OS_EventTaskWait        0x00046ffd   0x4c  Code  Gb  ucos_ii.obj [5]
OS_EventTaskWaitMulti   0x00047049   0x58  Code  Gb  ucos_ii.obj [5]
OS_EventWaitListInit    0x000470fd   0x16  Code  Gb  ucos_ii.obj [5]
OS_FlagInit             0x00047667   0x4c  Code  Gb  ucos_ii.obj [5]
OS_FlagTaskRdy          0x000476b3   0x44  Code  Lc  ucos_ii.obj [5]
OS_FlagUnlink           0x000476f7   0x20  Code  Gb  ucos_ii.obj [5]
OS_MemClr               0x00047113    0xa  Code  Gb  ucos_ii.obj [5]
OS_MemInit              0x00047843   0x3c  Code  Gb  ucos_ii.obj [5]
OS_QInit                0x00047ba3   0x3e  Code  Gb  ucos_ii.obj [5]
OS_Sched                0x0004711d   0x4a  Code  Gb  ucos_ii.obj [5]
OS_SchedNew             0x0004716f   0x1a  Code  Lc  ucos_ii.obj [5]
OS_TCBInit              0x000472a1   0xf0  Code  Gb  ucos_ii.obj [5]
OS_TaskIdle             0x00047289   0x18  Code  Gb  ucos_ii.obj [5]
OS_TaskStkClr           0x00048049   0x14  Code  Gb  ucos_ii.obj [5]
OTAP_KEY                0x00063aa4   0x10  Data  Gb  cmd_otap.obj [4]
Region$$Table$$Base     0x00068d90          --   Gb  - Linker created -
Region$$Table$$Limit    0x00068de8          --   Gb  - Linker created -
SB                      0x00068eee         Data  Gb  copy_init3.obj [4]
SRAM_D$$Base            0x20000000          --   Gb  - Linker created -
SRAM_D$$Limit           0x20009998          --   Gb  - Linker created -
TEST_CALC_MIC           0x0004a99c    0x4  Data  Gb  security_drv_selftest.obj [4]
TEST_KEY                0x0004a95c   0x10  Data  Gb  security_drv_selftest.obj [4]
TEST_NONCE              0x0004a96c   0x10  Data  Gb  security_drv_selftest.obj [4]
TEST_PACKET_IN          0x0004a97c   0x10  Data  Gb  security_drv_selftest.obj [4]
TEST_PACKET_OUT         0x0004a98c   0x10  Data  Gb  security_drv_selftest.obj [4]
WAIT_FOR_EVENT          0x000c9575    0xe  Code  Gb  nvic.obj [4]
WAIT_FOR_INTERRUPT      0x000c9555   0x20  Code  Gb  nvic.obj [4]
_GetN                   0x0005f541   0x22  Code  Lc  xscanfsmall_nomb.o [3]
_GetintSmallNoMb        0x0005f821  0x218  Code  Lc  xscanfsmall_nomb.o [3]
_GetstrSmallNoMb        0x0005f76b   0xb6  Code  Lc  xscanfsmall_nomb.o [3]
_LitobSmall             0x0004e165   0xce  Code  Lc  xprintfsmall.o [3]
_PrintfSmall            0x0004dd8d  0x386  Code  Gb  xprintfsmall.o [3]
_PutcharsSmall          0x0004e233   0x2e  Code  Lc  xprintfsmall.o [3]
_SNProut                0x00044ad7   0x1a  Code  Gb  xsnprout.o [3]
_SScin                  0x00044ab3   0x1e  Code  Gb  xsscin.o [3]
_ScanfSmallNoMb         0x0005f57d  0x1e8  Code  Gb  xscanfsmall_nomb.o [3]
_UngetN                 0x0005f563   0x1a  Code  Lc  xscanfsmall_nomb.o [3]
__aeabi_cdcmple         0x0004f271         Code  Gb  DblCmpLe.o [6]
__aeabi_dadd            0x0004f189         Code  Gb  DblAdd.o [6]
__aeabi_errno_addr      0x00062af5    0x6  Code  Gb  errno.o [3]
__aeabi_ldiv0           0x0004a7d9         Code  Gb  I64DivZer.o [7]
__aeabi_ldivmod         0x00046061         Code  Gb  I64DivMod.o [7]
__aeabi_llsl            0x0005c585         Code  Gb  I64Shl.o [7]
__aeabi_llsr            0x0005c5a9         Code  Gb  U64Shr.o [7]
__aeabi_memclr          0x000445fd         Code  Gb  ABImemclr.o [7]
__aeabi_memclr4         0x00044ad1         Code  Gb  ABImemclr4.o [7]
__aeabi_memset          0x00048cd5         Code  Gb  ABImemset.o [7]
__aeabi_memset4         0x00048db5         Code  Gb  ABImemset48.o [7]
__aeabi_memset8         0x00048db5         Code  Gb  ABImemset48.o [7]
__aeabi_ui2d            0x0004f16d         Code  Gb  I32ToDbl.o [6]
__aeabi_uldivmod        0x000460a5         Code  Gb  I64DivMod.o [7]
__cmain                 0x00067c0d         Code  Gb  cmain.o [7]
__exit                  0x00067c65         Code  Gb  XXexit.o [7]
__iar_Errno             0x20000984    0x4  Data  Gb  errno.o [3]
__iar_Memchr            0x00058869         Code  Gb  memchr.o [7]
__iar_Memset            0x00048cd5         Code  Gb  ABImemset.o [7]
__iar_Memset4_word      0x00048dbd         Code  Gb  ABImemset48.o [7]
__iar_Memset8_word      0x00048dbd         Code  Gb  ABImemset48.o [7]
__iar_Memset_word       0x00048cdd         Code  Gb  ABImemset.o [7]
__iar_Stolx             0x000629d9   0x86  Code  Gb  xstol.o [3]
__iar_Stoul             0x00061969    0x4  Code  Gb  xstoul.o [3]
__iar_Stoulx            0x00061821  0x142  Code  Gb  xstoul.o [3]
__iar_Strchr            0x00058851         Code  Gb  strchr.o [7]
__iar_copy_init3        0x000689e5   0x38  Code  Gb  copy_init3.obj [4]
__iar_dadd              0x0004f19d         Code  Gb  DblAdd.o [6]
__iar_data_init3        0x00067c2d   0x28  Code  Gb  data_init.o [7]
__iar_dlib_perthread_access
                        0x00062b01    0x2  Code  Gb  xtls.o [3]
__iar_dsub              0x00058a15         Code  Gb  DblSub.o [6]
__iar_dsubStart         0x00058a27         Code  Gb  DblSub.o [6]
__iar_program_start     0x00067c01         Code  Gb  cstartup_M.o [7]
__iar_ui2d              0x0004f171         Code  Gb  I32ToDbl.o [6]
__iar_unaligned___aeabi_memcpy
                        0x00048d3d         Code  Gb  ABImemcpy_unaligned.o [7]
__iar_unaligned___aeabi_memcpy4
                        0x00048d5d         Code  Gb  ABImemcpy_unaligned.o [7]
__iar_unaligned___aeabi_memcpy8
                        0x00048d5d         Code  Gb  ABImemcpy_unaligned.o [7]
__iar_unaligned_memcmp  0x0004f305         Code  Gb  memcmp_unaligned.o [7]
__iar_unaligned_strcmp  0x00048561         Code  Gb  strcmp_unaligned.o [7]
__iar_unaligned_strncpy
                        0x00048065         Code  Gb  strncpy_unaligned.o [7]
__iar_zero_init3        0x00068abd   0x34  Code  Gb  zero_init3.obj [4]
__low_level_init        0x00067c27    0x4  Code  Gb  low_level_init.o [3]
__reset_handler         0x00041021         Code  Gb  reset.obj [4]
__vector_table          0x00041030   0x1c  Data  Gb  startup_iar.obj [4]
_call_main              0x00067c19         Code  Gb  cmain.o [7]
_exit                   0x00067c59         Code  Gb  cexit.o [7]
_main                   0x00067c23         Code  Gb  cmain.o [7]
adc_aiISR               0x00045d41   0x38  Code  Lc  adc_controller.obj [4]
adc_calcVgaOffset       0x0004a77d   0x4c  Code  Lc  adc_drv.obj [4]
adc_completeVgaOffsetSample
                        0x00045dbf   0x12  Code  Gb  adc_controller.obj [4]
adc_configManualSampling
                        0x000459cb   0x50  Code  Gb  adc_controller.obj [4]
adc_convertAdcToVoltage
                        0x00045ddd   0x22  Code  Gb  adc_controller.obj [4]
adc_convertVgaToVoltage
                        0x00045dff   0x52  Code  Gb  adc_controller.obj [4]
adc_disableLoads        0x00045dd1    0xc  Code  Gb  adc_controller.obj [4]
adc_drv_close           0x0004a579   0x30  Code  Gb  adc_drv.obj [4]
adc_drv_confAndProcSample
                        0x0004a705   0x78  Code  Lc  adc_drv.obj [4]
adc_drv_init            0x0004a439   0x70  Code  Gb  adc_drv.obj [4]
adc_drv_ioctl           0x0004a625   0x90  Code  Gb  adc_drv.obj [4]
adc_drv_mapId           0x0004a3fd   0x3c  Code  Gb  adc_drv.obj [4]
adc_drv_open            0x0004a4a9   0xd0  Code  Gb  adc_drv.obj [4]
adc_drv_processSample   0x00045e81   0x40  Code  Gb  adc_controller.obj [4]
adc_drv_read            0x0004a5a9   0x7c  Code  Gb  adc_drv.obj [4]
adc_drv_v               0x200054d8   0x40  Data  Gb  adc_drv.obj [4]
adc_getManualSample     0x00045a1b  0x1c4  Code  Gb  adc_controller.obj [4]
adc_init                0x0004596d   0x5e  Code  Gb  adc_controller.obj [4]
adc_prepareVgaOffsetSample
                        0x00045dad   0x12  Code  Gb  adc_controller.obj [4]
adc_ptatISR             0x00045d79   0x2c  Code  Lc  adc_controller.obj [4]
adc_resetAdc            0x00045be5  0x14a  Code  Gb  adc_controller.obj [4]
adc_samplePtat          0x0004a6b5   0x24  Code  Gb  adc_drv.obj [4]
adc_samplePtatInit      0x0004a6d9   0x22  Code  Gb  adc_drv.obj [4]
adc_swISR               0x00045d31    0xe  Code  Lc  adc_controller.obj [4]
adc_v                   0x20008298   0x2c  Data  Gb  adc_controller.obj [4]
addPkToBuffer           0x0005141f   0x28  Code  Gb  mac_duplicate.obj [4]
addrmap_get             0x00062709    0x6  Code  Gb  addrmap.obj [4]
aes_Isr                 0x00049cb5   0x20  Code  Lc  aes_hw.obj [4]
aes_cbcMac              0x00049b37   0xf4  Code  Gb  aes_hw.obj [4]
aes_ccmCalcMIC          0x00049ac5   0x72  Code  Gb  aes_hw.obj [4]
aes_ccmDecrypt          0x000499d5   0xf0  Code  Gb  aes_hw.obj [4]
aes_ccmEncrypt          0x000498df   0xf0  Code  Gb  aes_hw.obj [4]
aes_ccmPrepare          0x00049839   0xa6  Code  Gb  aes_hw.obj [4]
aes_checkDone           0x00049c3b   0x52  Code  Gb  aes_hw.obj [4]
aes_getGetNonceCtrResult
                        0x00049c8d    0x8  Code  Gb  aes_hw.obj [4]
aes_init                0x00049721  0x118  Code  Gb  aes_hw.obj [4]
aes_reset               0x00049c95   0x1c  Code  Gb  aes_hw.obj [4]
aes_v                   0x20008504   0xb0  Data  Gb  aes_hw.obj [4]
aes_waitManualDone      0x00049cd5   0x14  Code  Gb  aes_hw.obj [4]
agc_state               0x20004f38    0x4  Data  Gb  radio.obj [4]
alarm_getAlarms         0x00055af9    0x6  Code  Gb  alarms.obj [4]
alarm_init              0x00055aa1   0x26  Code  Gb  alarms.obj [4]
alarm_lockAlarms        0x00055aff   0x20  Code  Gb  alarms.obj [4]
alarm_setAlarm          0x00055ac7   0x22  Code  Gb  alarms.obj [4]
alarm_unlockAlarms      0x00055b1f   0x1c  Code  Gb  alarms.obj [4]
alarm_v                 0x20005d24    0x8  Data  Gb  alarms.obj [4]
appEventNotifCb         0x00057571   0x46  Code  Lc  loc_task.o [1]
appVer_v                0x20005530    0x8  Data  Lc  hwinfo_drv.obj [4]
arr_decrCount           0x000521dd    0x4  Code  Gb  arr.obj [4]
arr_find                0x0005216b   0x6c  Code  Gb  arr.obj [4]
arr_getCount            0x000521e7    0x4  Code  Gb  arr.obj [4]
arr_getElement          0x000521eb   0x14  Code  Gb  arr.obj [4]
arr_getSize             0x00052215    0x4  Code  Gb  arr.obj [4]
arr_incrCount           0x000521d7    0x6  Code  Gb  arr.obj [4]
arr_init                0x0005210d   0x18  Code  Gb  arr.obj [4]
arr_isFull              0x000521ff   0x10  Code  Gb  arr.obj [4]
arr_iterate             0x00052125   0x46  Code  Gb  arr.obj [4]
arr_resetCount          0x0005220f    0x6  Code  Gb  arr.obj [4]
asnFromNet              0x00061fb9   0x22  Code  Gb  trace_utils.obj [4]
assertBuf               0x20003854   0x3c  Data  Gb  assert.obj [4]
assert_handler          0x000436c1   0x62  Code  Gb  assert.obj [4]
assert_openCliPort      0x00043731   0x42  Code  Gb  assert.obj [4]
assert_printFault       0x00043723    0xe  Code  Gb  assert.obj [4]
assert_printFault_v     0x00043795   0x2a  Code  Gb  assert.obj [4]
block_copy              0x00048e5d   0x16  Code  Gb  block_op.obj [4]
block_crc               0x00048e8b   0x14  Code  Gb  block_op.obj [4]
block_getCrc            0x00048e9f    0x8  Code  Gb  block_op.obj [4]
block_init              0x00048e35   0x28  Code  Gb  block_op.obj [4]
block_initCrc           0x00048e73   0x18  Code  Gb  block_op.obj [4]
block_isr               0x00048ea9   0x1e  Code  Lc  block_op.obj [4]
block_v                 0x200076d8    0x4  Data  Gb  block_op.obj [4]
[...]
teng_fillDisassocPayload
                        0x0005b263   0x48  Code  Gb  tengine_header.obj [4]
teng_fillLongDstAck     0x0005ac53   0x1e  Code  Gb  tengine_header.obj [4]
teng_fillLongDstMacHdr  0x0005ac21   0x26  Code  Gb  tengine_header.obj [4]
teng_fillLongSrcMacHdr  0x0005abdb   0x46  Code  Gb  tengine_header.obj [4]
teng_fillShortDstAck    0x0005ac71   0x16  Code  Gb  tengine_header.obj [4]
teng_fillShortMacHdr    0x0005ab93   0x48  Code  Gb  tengine_header.obj [4]
teng_fillSrcDstAck      0x0005ac87   0x1e  Code  Gb  tengine_header.obj [4]
teng_fillTofSlaveTxStamp
                        0x0005aca5   0x18  Code  Gb  tengine_header.obj [4]
teng_findAdv            0x0005fc2d   0x14  Code  Gb  tengine_pk.obj [4]
teng_findJoinPk         0x0005fc41   0x14  Code  Gb  tengine_pk.obj [4]
teng_findNextSlot       0x00060511   0xc6  Code  Gb  tengine_sched.obj [4]
teng_findPkMatchingLink
                        0x0005fcfd   0x2c  Code  Gb  tengine_pk.obj [4]
teng_findQueue          0x0005fc11   0x1c  Code  Gb  tengine_pk.obj [4]
teng_forwardPk          0x0005b33f   0x8e  Code  Gb  tengine_header.obj [4]
teng_getAckAdj          0x0005adfb   0x20  Code  Gb  tengine_header.obj [4]
teng_getAckBuf          0x0005b477   0x2a  Code  Gb  tengine_header.obj [4]
teng_getAckRspCode      0x0005ae1b   0x64  Code  Gb  tengine_header.obj [4]
teng_getCorrectedTofRx  0x00059889   0x3c  Code  Gb  tengine.obj [4]
teng_getFrameGraphMap   0x000615bf   0x38  Code  Gb  tengine_sched.obj [4]
teng_getLastSchedAsn    0x00059591    0x8  Code  Gb  tengine.obj [4]
teng_getLink            0x000605d7  0x414  Code  Gb  tengine_sched.obj [4]
teng_getPkPriority      0x0005b629   0x28  Code  Gb  tengine_header.obj [4]
teng_getRadioChan       0x0005987d    0xc  Code  Gb  tengine.obj [4]
teng_getShortFrameTxAsn
                        0x0006158b   0x34  Code  Gb  tengine_sched.obj [4]
teng_getStats           0x00059599    0x4  Code  Gb  tengine.obj [4]
teng_handleMacCommand   0x00059795   0x9a  Code  Gb  tengine.obj [4]
teng_handleRxHeader     0x0006122d   0x70  Code  Gb  tengine_sched.obj [4]
teng_handleSlotDone     0x00060e7d  0x3ac  Code  Gb  tengine_sched.obj [4]
teng_handleSlotEvent    0x00060c01  0x262  Code  Gb  tengine_sched.obj [4]
teng_isAckDisconnack    0x0005b6c3    0x4  Code  Gb  tengine_header.obj [4]
teng_isBcastSlot        0x000613ed   0x14  Code  Gb  tengine_sched.obj [4]
teng_isDestAddrLong     0x0005b697   0x12  Code  Gb  tengine_header.obj [4]
teng_isKeepAliveSlot    0x000613c9   0x12  Code  Gb  tengine_sched.obj [4]
teng_isLinkNoPF         0x0005b6b9    0xa  Code  Gb  tengine_header.obj [4]
teng_isNbrDisconnecting
                        0x0005b6c7    0x4  Code  Gb  tengine_header.obj [4]
teng_isPkExpired        0x0005fca1   0x28  Code  Gb  tengine_pk.obj [4]
teng_isPkToForward      0x0005b2ab   0x94  Code  Gb  tengine_header.obj [4]
teng_isRxBcastPk        0x0005b651   0x20  Code  Gb  tengine_header.obj [4]
teng_isSchedNextSlotTooLate
                        0x000617d5   0x2c  Code  Gb  tengine_sched.obj [4]
teng_isSrcAddrLong      0x0005b6a9   0x10  Code  Gb  tengine_header.obj [4]
teng_isTengRunning      0x00059521   0x1e  Code  Gb  tengine.obj [4]
teng_isTimeAdjValid     0x0005b6cb   0x16  Code  Gb  tengine_header.obj [4]
teng_isTimeToSendKA     0x000616e3   0x30  Code  Gb  tengine_sched.obj [4]
teng_isTofSlot          0x000613e1    0xc  Code  Gb  tengine_sched.obj [4]
teng_isTxGapOK          0x00060207   0x54  Code  Gb  tengine_sched.obj [4]
teng_longPwrUpCutoff    0x00060bb5   0x40  Code  Gb  tengine_sched.obj [4]
teng_prepareNonce       0x0005fd29   0x44  Code  Gb  tengine_pk.obj [4]
teng_processTimingUpdate
                        0x00061363   0x60  Code  Gb  tengine_sched.obj [4]
teng_pushBufAvail       0x0005ffd5   0x4e  Code  Gb  tengine_pk.obj [4]
teng_pushReschedNotif   0x00060049   0x46  Code  Gb  tengine_pk.obj [4]
teng_pushRxNotif        0x0005feb1   0x6e  Code  Gb  tengine_pk.obj [4]
teng_pushRxPk           0x0005fe0d   0xa4  Code  Gb  tengine_pk.obj [4]
teng_pushTofNotif       0x0005b3cd   0xaa  Code  Gb  tengine_header.obj [4]
teng_pushTxNotif        0x0005ff1f   0xb6  Code  Gb  tengine_pk.obj [4]
teng_queueNewTxPackets  0x0005fa51   0x5e  Code  Gb  tengine_pk.obj [4]
teng_reschedule         0x000601d1   0x36  Code  Gb  tengine_sched.obj [4]
teng_resetBackoff       0x000612cd    0x8  Code  Gb  tengine_sched.obj [4]
teng_saveEvDbgInfo      0x00061689   0x48  Code  Gb  tengine_sched.obj [4]
teng_schedIdleTx        0x00060af5   0x44  Code  Gb  tengine_sched.obj [4]
teng_schedRadioEvent    0x000609f3   0x68  Code  Gb  tengine_sched.obj [4]
teng_scheduleNextOperation
                        0x0006025b  0x2b6  Code  Gb  tengine_sched.obj [4]
teng_sendSwIsr          0x0005959d    0xc  Code  Gb  tengine.obj [4]
teng_setAckFlag         0x0005b685   0x12  Code  Gb  tengine_header.obj [4]
teng_setParentOffset    0x00059673   0x66  Code  Gb  tengine.obj [4]
teng_setSrcInNonce      0x0005fd6d   0x4a  Code  Gb  tengine_pk.obj [4]
teng_shortPwrUpCutoff   0x00060b75   0x40  Code  Gb  tengine_sched.obj [4]
teng_skipTxUpdateStats  0x00061719   0x62  Code  Gb  tengine_sched.obj [4]
teng_startTengine       0x000594e3   0x1c  Code  Gb  tengine.obj [4]
teng_stop               0x0005982f   0x4e  Code  Gb  tengine.obj [4]
teng_stopRxMIC          0x0005fdfb   0x12  Code  Gb  tengine_pk.obj [4]
teng_stopTengine        0x000594ff   0x22  Code  Gb  tengine.obj [4]
teng_subticksToTicksQ7  0x0005970b   0x18  Code  Gb  tengine.obj [4]
teng_updateAdv          0x0005b225   0x3e  Code  Gb  tengine_header.obj [4]
teng_updateGraphQueues  0x000595a9   0xca  Code  Gb  tengine.obj [4]
teng_updateMaxQCnt      0x0005fbef   0x22  Code  Gb  tengine_pk.obj [4]
teng_updateRxBcastNbr   0x00061423   0x64  Code  Gb  tengine_sched.obj [4]
teng_updateTxBcastNbr   0x00061401   0x22  Code  Gb  tengine_sched.obj [4]
teng_verifyMIC          0x0005fdb7   0x44  Code  Gb  tengine_pk.obj [4]
teng_waitForFullHdr     0x0005b6e1   0x2c  Code  Gb  tengine_header.obj [4]
teng_waitOcfsmIdle      0x000615f7   0x3e  Code  Gb  tengine_sched.obj [4]
teng_wakeReschedule     0x0005992d   0x12  Code  Gb  tengine.obj [4]
teng_wasPacketAcked     0x0005b671   0x14  Code  Gb  tengine_header.obj [4]
teng_writeTengCmd       0x00059723   0x72  Code  Gb  tengine.obj [4]
tengine_charge_reportRadioRx
                        0x00062ab3   0x3e  Code  Gb  tengine_charge.obj [4]
tengine_charge_reportRadioTx
                        0x00062a61   0x52  Code  Gb  tengine_charge.obj [4]
tengine_init            0x00059329  0x1ba  Code  Gb  tengine.obj [4]
tengine_preInit         0x00059301   0x28  Code  Gb  tengine.obj [4]
time_close              0x0004cbe5    0x4  Code  Gb  dn_time.obj [4]
time_info_checkTimeNotifRetry
                        0x00052cbf   0x4a  Code  Gb  time_info.obj [4]
time_info_init          0x00052b7d    0x8  Code  Gb  time_info.obj [4]
time_info_procTimePinNotif
                        0x00052b85  0x13a  Code  Gb  time_info.obj [4]
time_info_v             0x2000764c   0x1c  Data  Gb  time_info.obj [4]
time_init               0x0004cbdd    0x4  Code  Gb  dn_time.obj [4]
time_ioctl              0x0004cbe9   0xb0  Code  Gb  dn_time.obj [4]
time_open               0x0004cbe1    0x4  Code  Gb  dn_time.obj [4]
time_setUTCTime         0x000582f1  0x10a  Code  Gb  settime.obj [4]
timepinEvent_p          0x0004cd31   0xb0  Code  Lc  dn_time.obj [4]
timerCallback_p         0x00061d31  0x12e  Code  Lc  radio_utils.obj [4]
timer_delay             0x0004a2a3   0x60  Code  Gb  timer.obj [4]
timer_delayCallback     0x0004a289   0x1a  Code  Gb  timer.obj [4]
timer_delete            0x0004a347   0x68  Code  Gb  timer.obj [4]
timer_eventTimer1       0x0004a305   0x42  Code  Gb  timer.obj [4]
timer_init              0x0004a191   0x44  Code  Gb  timer.obj [4]
timer_scheduleNext      0x0004a243   0x2e  Code  Lc  timer.obj [4]
timer_setFreqError      0x0004a3af   0x24  Code  Gb  timer.obj [4]
timer_setFreqErrorNetClrTemp
                        0x0004a3d3   0x16  Code  Gb  timer.obj [4]
timer_setTimer          0x0004a1d5   0x6e  Code  Gb  timer.obj [4]
timer_v                 0x20005a80  0x2a4  Data  Gb  timer.obj [4]
tlv_readArray           0x0005b721   0x5e  Code  Gb  config.obj [4]
tlv_readList            0x0005b77f   0x5e  Code  Gb  config.obj [4]
tlv_writeArray          0x0005b7dd   0x7e  Code  Gb  config.obj [4]
tmr_ActiveSlotISR       0x00043d0d    0xa  Code  Lc  timer_sched.obj [4]
tmr_AsnGenISR           0x00043d19    0x8  Code  Lc  timer_sched.obj [4]
tmr_AsnOverflowISR      0x00043d4d   0x12  Code  Lc  timer_sched.obj [4]
tmr_LowPowerISR         0x00043d89   0x3e  Code  Lc  timer_sched.obj [4]
tmr_PreslotISR          0x00043d2d    0xa  Code  Lc  timer_sched.obj [4]
tmr_SysTimeOverflowISR  0x00043d39   0x12  Code  Lc  timer_sched.obj [4]
tmr_TimePinISR          0x00043e05   0x58  Code  Lc  timer_sched.obj [4]
tmr_Timer1ISR           0x00043d61   0x14  Code  Lc  timer_sched.obj [4]
tmr_Timer2ISR           0x00043d75   0x14  Code  Lc  timer_sched.obj [4]
tmr_Timer8ISR           0x00043dc9   0x34  Code  Lc  timer_sched.obj [4]
tmr_decrementAsn        0x00043f87   0x18  Code  Gb  timer_sched.obj [4]
tmr_enableActiveSlotEvent
                        0x00043bc5   0x16  Code  Gb  timer_sched.obj [4]
tmr_enableAsnCapture    0x00043c1b   0x16  Code  Gb  timer_sched.obj [4]
tmr_enableAsnEvent      0x00043ba7   0x16  Code  Gb  timer_sched.obj [4]
tmr_enableDeltaSigma    0x00043c05   0x16  Code  Gb  timer_sched.obj [4]
tmr_enablePreslotEvent  0x00043b91   0x16  Code  Gb  timer_sched.obj [4]
tmr_enableSlotAccum     0x00043b6d   0x24  Code  Gb  timer_sched.obj [4]
tmr_enableWatchdog      0x00043cdb   0x1a  Code  Gb  timer_sched.obj [4]
tmr_feedWatchdog        0x000c9345   0x18  Code  Gb  timer_sched.obj [4]
tmr_getAsn              0x00043a11   0x30  Code  Gb  timer_sched.obj [4]
tmr_getAsn64            0x00043aef   0x2a  Code  Gb  timer_sched.obj [4]
tmr_getAsnOffset        0x00043a41   0xae  Code  Gb  timer_sched.obj [4]
tmr_getCapturedAsn      0x00043e5d  0x118  Code  Gb  timer_sched.obj [4]
tmr_getSlotOffset       0x00043b43    0x8  Code  Gb  timer_sched.obj [4]
tmr_getSlotTimeAcc      0x00043b3b    0x8  Code  Gb  timer_sched.obj [4]
tmr_getSlotWidth        0x00043b33    0x8  Code  Gb  timer_sched.obj [4]
tmr_getSysTimeCtr       0x00043947    0x8  Code  Gb  timer_sched.obj [4]
tmr_getSysTimeCtr64     0x0004394f   0x12  Code  Gb  timer_sched.obj [4]
tmr_getSysTimer1Start   0x000439b7    0xe  Code  Gb  timer_sched.obj [4]
tmr_incrAsnByInt8       0x00044031   0x14  Code  Gb  timer_sched.obj [4]
tmr_incrementAsn        0x00043f75   0x12  Code  Gb  timer_sched.obj [4]
tmr_init                0x000437f1   0x8e  Code  Gb  timer_sched.obj [4]
tmr_initTimer16         0x00043c37   0x42  Code  Gb  timer_sched.obj [4]
tmr_isrCallback         0x00043cfb   0x10  Code  Lc  timer_sched.obj [4]
tmr_loadAsn             0x00043b19   0x12  Code  Gb  timer_sched.obj [4]
tmr_lpWaitTick          0x00043975   0x1c  Code  Gb  timer_sched.obj [4]
tmr_registerCallback    0x0004392d   0x1a  Code  Gb  timer_sched.obj [4]
tmr_resetAsnAndChanCtr  0x00043f9f   0x40  Code  Gb  timer_sched.obj [4]
tmr_setAsnEvent         0x00043bbd    0x8  Code  Gb  timer_sched.obj [4]
tmr_setChannelCtr       0x00043cf5    0x6  Code  Gb  timer_sched.obj [4]
tmr_setFreqError        0x00043bdb   0x22  Code  Gb  timer_sched.obj [4]
tmr_setParentOffset     0x00043b4b   0x22  Code  Gb  timer_sched.obj [4]
tmr_setSlotWidth        0x00043b2b    0x8  Code  Gb  timer_sched.obj [4]
tmr_setSysTimer1Delta   0x00043991   0x26  Code  Gb  timer_sched.obj [4]
tmr_setWatchdogPeriod   0x00043cbd   0x1e  Code  Gb  timer_sched.obj [4]
tmr_startTimer16PWM     0x00043c79   0x24  Code  Gb  timer_sched.obj [4]
tmr_stopTimer16         0x00043ca7   0x16  Code  Gb  timer_sched.obj [4]
tmr_syncAsn             0x000439c5   0x4c  Code  Gb  timer_sched.obj [4]
tmr_timenPinInit        0x0004387f   0xae  Code  Gb  timer_sched.obj [4]
tmr_v                   0x200053c0   0x6c  Data  Gb  timer_sched.obj [4]
tmr_waitTick            0x00043961   0x14  Code  Gb  timer_sched.obj [4]
traceFlagMap            0x0005337c   0x70  Data  Lc  mote_cli.obj [4]
transp_allocSession     0x00053dc9   0x42  Code  Gb  transport_util.obj [4]
transp_composeHdr       0x000621a9   0x4e  Code  Gb  transport.obj [4]
transp_findSession      0x00053da1   0x28  Code  Gb  transport_util.obj [4]
transp_init             0x00053d75   0x2c  Code  Gb  transport_util.obj [4]
transp_parseHdr         0x0006216b   0x3e  Code  Gb  transport.obj [4]
transp_pkCopy           0x00053e11    0x4  Code  Gb  transport_util.obj [4]
transp_rxProc           0x00061fdd   0xe8  Code  Gb  transport.obj [4]
transp_stats            0x200094f8    0x4  Data  Gb  transport.obj [4]
transp_txProc           0x000620c9   0xa2  Code  Gb  transport.obj [4]
transp_v                0x20007668   0x1c  Data  Gb  transport_util.obj [4]
tune20Mhz_p             0x00061e9d   0x32  Code  Gb  radio_utils.obj [4]
txPkRing                0x20009934    0x4  Data  Gb  tengine.obj [4]
txPkRingBuf             0x20009938    0x4  Data  Gb  tengine.obj [4]
tx_p                    0x0004c1d3   0x98  Code  Lc  radio_drv.obj [4]
uartTaskStk             0x20005780  0x300  Data  Lc  uart_drv.obj [4]
uart_checkFragStatus    0x0004e8cd    0xc  Code  Gb  uart.obj [4]
uart_cli_bufCopyToTxBuf
                        0x00048329   0xb0  Code  Lc  uart_cli.obj [4]
uart_cli_bytesAvailInTxBuf
                        0x000482e9   0x40  Code  Gb  uart_cli.obj [4]
uart_cli_getPort        0x00048485    0x8  Code  Gb  uart_cli.obj [4]
uart_cli_init           0x000481b5   0x92  Code  Gb  uart_cli.obj [4]
uart_cli_tx             0x00048247   0x4a  Code  Gb  uart_cli.obj [4]
uart_cli_v              0x200076e4  0x120  Data  Gb  uart_cli.obj [4]
uart_cli_write          0x000483d9   0xac  Code  Gb  uart_cli.obj [4]
uart_ctsToRxTimeouts    0x0004ec1c    0xc  Data  Gb  uart.obj [4]
uart_dmaInit            0x0004e5fd  0x10c  Code  Lc  uart.obj [4]
uart_drv_close          0x0004cf23   0x1a  Code  Gb  uart_drv.obj [4]
uart_drv_init           0x0004cde9   0x12  Code  Gb  uart_drv.obj [4]
uart_drv_ioctl          0x0004d0c9   0xc8  Code  Gb  uart_drv.obj [4]
uart_drv_open           0x0004cdfb  0x128  Code  Gb  uart_drv.obj [4]
uart_drv_rxEvent        0x0004cfd9   0xb2  Code  Lc  uart_drv.obj [4]
uart_drv_txDone         0x0004d08d   0x3a  Code  Lc  uart_drv.obj [4]
uart_drv_txTask         0x0004cf3d   0x9c  Code  Lc  uart_drv.obj [4]
uart_drv_v              0x200055d4  0x1ac  Data  Gb  uart_drv.obj [4]
uart_eopToRtsTimeouts   0x0004ec28    0xc  Data  Gb  uart.obj [4]
uart_feedRx             0x0004e8d9   0x42  Code  Gb  uart.obj [4]
uart_getClkDivider      0x0004ea05    0xa  Code  Gb  uart.obj [4]
uart_getTimeoutVal      0x0004ea0f   0x22  Code  Gb  uart.obj [4]
uart_ibTimeouts         0x0004ec04    0xc  Data  Gb  uart.obj [4]
uart_init               0x0004e709  0x13c  Code  Gb  uart.obj [4]
uart_invalidateLateFeed
                        0x0004eb8f   0x32  Code  Gb  uart.obj [4]
uart_ioconfig           0x0004e845   0x32  Code  Gb  uart.obj [4]
uart_isBaudRateValid    0x0004eb3d   0x40  Code  Gb  uart.obj [4]
uart_isReceiving        0x0004eb7d   0x12  Code  Gb  uart.obj [4]
uart_modeSettings       0x0004ebf0   0x14  Data  Gb  uart.obj [4]
uart_read               0x0004e8ad   0x20  Code  Gb  uart.obj [4]
uart_rtsToCtsTimeouts   0x0004ec10    0xc  Data  Gb  uart.obj [4]
uart_rxIsr              0x0004e989   0x54  Code  Gb  uart.obj [4]
uart_setBaudRate        0x0004ea31   0x30  Code  Gb  uart.obj [4]
uart_setCtsOut          0x0004e9f1   0x14  Code  Gb  uart.obj [4]
uart_setCtsOutMode      0x0004e9dd   0x14  Code  Gb  uart.obj [4]
uart_setTout            0x0004ea61   0x9e  Code  Gb  uart.obj [4]
uart_shutdown           0x0004eaff   0x3e  Code  Gb  uart.obj [4]
uart_tx                 0x0004e877   0x36  Code  Gb  uart.obj [4]
uart_txIsr              0x0004e91d   0x6a  Code  Gb  uart.obj [4]
uart_txToCtsTimeouts    0x0004ec34    0xc  Data  Gb  uart.obj [4]
uart_v                  0x20008384   0x48  Data  Gb  uart.obj [4]
uartc_dmaTx             0x00046a07   0x52  Code  Gb  uartc.obj [4]
uartc_dmaTxDoneEvent    0x00048291   0x52  Code  Gb  uart_cli.obj [4]
uartc_getRegBase        0x00046b0d   0x12  Code  Gb  uartc.obj [4]
uartc_init              0x000467e9  0x146  Code  Gb  uartc.obj [4]
uartc_receiveEvent      0x000482e5    0x4  Code  Gb  uart_cli.obj [4]
uartc_registerDmaTxDoneHandler
                        0x000469f7   0x10  Code  Gb  uartc.obj [4]
uartc_rxIsr             0x000469c9   0x2e  Code  Gb  uartc.obj [4]
uartc_rxIsr0            0x00046b4d    0xe  Code  Gb  uartc.obj [4]
uartc_rxIsr1            0x00046b5d    0xe  Code  Gb  uartc.obj [4]
uartc_setBaudRate       0x00046ad9   0x34  Code  Gb  uartc.obj [4]
uartc_txAndWait         0x00046a59   0x80  Code  Gb  uartc.obj [4]
uartc_txIsr             0x0004692f   0x9a  Code  Gb  uartc.obj [4]
uartc_txIsr0            0x00046b2d    0xa  Code  Gb  uartc.obj [4]
uartc_txIsr1            0x00046b39    0x8  Code  Gb  uartc.obj [4]
uartc_v                 0x2000542c   0xa8  Data  Gb  uartc.obj [4]
uclk_adjFreq            0x000493bf   0x96  Code  Gb  pmu.obj [4]
uclk_measFreq           0x00049379   0x46  Code  Gb  pmu.obj [4]
uclk_tune               0x000491f1  0x188  Code  Gb  pmu.obj [4]
udp_calcHdrSize         0x0006269b   0x64  Code  Gb  udp.obj [4]
udp_composeHdr          0x000625b7   0xe4  Code  Gb  udp.obj [4]
udp_parseHdr            0x00062501   0xb6  Code  Gb  udp.obj [4]
udp_rx                  0x00053c65   0x8a  Code  Gb  socket.obj [4]
uncompressWriting       0x00063555   0x82  Code  Lc  cmd_otap.obj [4]
unknownIsr_handler      0x000c9541         Code  Gb  fault_a.obj [4]
unknownIsr_handlerC     0x000679a7   0x34  Code  Gb  fault_c.obj [4]
unlock_p                0x0004c433    0x8  Code  Lc  radio_drv.obj [4]
usocket_bind            0x00053ba7   0x80  Code  Gb  socket.obj [4]
usocket_close           0x00053b47   0x60  Code  Gb  socket.obj [4]
usocket_getByIdx        0x000539fb    0x8  Code  Gb  socket.obj [4]
usocket_getBySocketId   0x00053a8f   0x28  Code  Gb  socket.obj [4]
usocket_initSockets     0x00053a35   0x5a  Code  Gb  socket.obj [4]
usocket_isFree          0x000539f9    0x2  Code  Lc  socket.obj [4]
usocket_isMatchPort     0x00053a03   0x12  Code  Lc  socket.obj [4]
usocket_isMatchSocketId
                        0x00053a15   0x12  Code  Lc  socket.obj [4]
usocket_isSocketAvail   0x00053a27    0x2  Code  Lc  socket.obj [4]
usocket_open            0x00053ab7   0x90  Code  Gb  socket.obj [4]
usocket_sendto          0x00053c27   0x38  Code  Gb  socket.obj [4]
usocket_v               0x20007684   0x48  Data  Gb  socket.obj [4]
utils_ASN_40to64        0x00058401   0x22  Code  Gb  utils.obj [4]
utils_ASN_64to40        0x00058423   0x18  Code  Gb  utils.obj [4]
utils_asnToUtc          0x0005843b   0x5a  Code  Gb  utils.obj [4]
utils_binToHex          0x00058495   0xa4  Code  Gb  utils.obj [4]
utils_dnerr2str         0x00058619   0x2c  Code  Gb  utils.obj [4]
utils_hexStr2Bin        0x0005854b   0xce  Code  Gb  utils.obj [4]
utils_macToStr          0x00058539   0x12  Code  Gb  utils.obj [4]
vsnprintf               0x00046b75   0x3c  Code  Gb  vsnprint.o [3]
wd_getResetStatus       0x0004d591    0x4  Code  Gb  wd.obj [4]
wd_init                 0x0004d4a9   0x58  Code  Gb  wd.obj [4]
wd_locVar_v             0x20008244   0x44  Data  Lc  wd.obj [4]
wd_timer_tick_p         0x0004d501   0x86  Code  Lc  wd.obj [4]


[1] = C:\Users\cory\Documents\GitHub\SPAIS\projects\iar\SPAIS\Debug\Obj
[2] = command line
[3] = dl7M_tln.a
[4] = libip_stack.a
[5] = libucos_full.a
[6] = m7M_tl.a
[7] = rt7M_tl.a

  160 786 bytes of readonly  code memory
    5 556 bytes of readwrite code memory
    8 314 bytes of readonly  data memory
   39 285 bytes of readwrite data memory

Errors: none
Warnings: none
